Archive member included to satisfy reference by file (symbol)

c:/intelfpga_lite/18.1/nios2eds/bin/gnu/h-x86_64-mingw32/bin/../lib/gcc/nios2-elf/5.3.0/mno-hw-mul\libgcc.a(lib2-divmod.o)
                              obj/default/SD/terasic_fat/FatFileSystem.o (__udivsi3)
c:/intelfpga_lite/18.1/nios2eds/bin/gnu/h-x86_64-mingw32/bin/../lib/gcc/nios2-elf/5.3.0/mno-hw-mul\libgcc.a(lib2-mul.o)
                              obj/default/SD/terasic_fat/FatFileSystem.o (__mulsi3)
c:/intelfpga_lite/18.1/nios2eds/bin/gnu/h-x86_64-mingw32/bin/../lib/gcc/nios2-elf/5.3.0/mno-hw-mul\libgcc.a(divsf3.o)
                              obj/default/SD/terasic_fat/FatFileSystem.o (__divsf3)
c:/intelfpga_lite/18.1/nios2eds/bin/gnu/h-x86_64-mingw32/bin/../lib/gcc/nios2-elf/5.3.0/mno-hw-mul\libgcc.a(mulsf3.o)
                              obj/default/SD/terasic_fat/FatFileSystem.o (__mulsf3)
c:/intelfpga_lite/18.1/nios2eds/bin/gnu/h-x86_64-mingw32/bin/../lib/gcc/nios2-elf/5.3.0/mno-hw-mul\libgcc.a(floatunsisf.o)
                              obj/default/SD/terasic_fat/FatFileSystem.o (__floatunsisf)
c:/intelfpga_lite/18.1/nios2eds/bin/gnu/h-x86_64-mingw32/bin/../lib/gcc/nios2-elf/5.3.0/mno-hw-mul\libgcc.a(divdf3.o)
                              obj/default/SD/terasic_fat/FatFileSystem.o (__divdf3)
c:/intelfpga_lite/18.1/nios2eds/bin/gnu/h-x86_64-mingw32/bin/../lib/gcc/nios2-elf/5.3.0/mno-hw-mul\libgcc.a(extendsfdf2.o)
                              obj/default/SD/terasic_fat/FatFileSystem.o (__extendsfdf2)
c:/intelfpga_lite/18.1/nios2eds/bin/gnu/h-x86_64-mingw32/bin/../lib/gcc/nios2-elf/5.3.0/mno-hw-mul\libgcc.a(truncdfsf2.o)
                              obj/default/SD/terasic_fat/FatFileSystem.o (__truncdfsf2)
c:/intelfpga_lite/18.1/nios2eds/bin/gnu/h-x86_64-mingw32/bin/../lib/gcc/nios2-elf/5.3.0/mno-hw-mul\libgcc.a(_clzsi2.o)
                              c:/intelfpga_lite/18.1/nios2eds/bin/gnu/h-x86_64-mingw32/bin/../lib/gcc/nios2-elf/5.3.0/mno-hw-mul\libgcc.a(divsf3.o) (__clzsi2)
c:/intelfpga_lite/18.1/nios2eds/bin/gnu/h-x86_64-mingw32/bin/../lib/gcc/nios2-elf/5.3.0/mno-hw-mul\libgcc.a(_clz.o)
                              c:/intelfpga_lite/18.1/nios2eds/bin/gnu/h-x86_64-mingw32/bin/../lib/gcc/nios2-elf/5.3.0/mno-hw-mul\libgcc.a(_clzsi2.o) (__clz_tab)
c:/intelfpga_lite/18.1/nios2eds/bin/gnu/h-x86_64-mingw32/bin/../lib/gcc/nios2-elf/5.3.0/../../../../../H-x86_64-mingw32/nios2-elf/lib/mno-hw-mul\libsmallc.a(lib_a-malloc.o)
                              obj/default/SD/sd_if.o (malloc)
c:/intelfpga_lite/18.1/nios2eds/bin/gnu/h-x86_64-mingw32/bin/../lib/gcc/nios2-elf/5.3.0/../../../../../H-x86_64-mingw32/nios2-elf/lib/mno-hw-mul\libsmallc.a(lib_a-memcpy.o)
                              obj/default/SD/terasic_fat/FatFileSystem.o (memcpy)
c:/intelfpga_lite/18.1/nios2eds/bin/gnu/h-x86_64-mingw32/bin/../lib/gcc/nios2-elf/5.3.0/../../../../../H-x86_64-mingw32/nios2-elf/lib/mno-hw-mul\libsmallc.a(lib_a-memset.o)
                              obj/default/SD/terasic_fat/FatFileSystem.o (memset)
c:/intelfpga_lite/18.1/nios2eds/bin/gnu/h-x86_64-mingw32/bin/../lib/gcc/nios2-elf/5.3.0/../../../../../H-x86_64-mingw32/nios2-elf/lib/mno-hw-mul\libsmallc.a(lib_a-nano-freer.o)
                              c:/intelfpga_lite/18.1/nios2eds/bin/gnu/h-x86_64-mingw32/bin/../lib/gcc/nios2-elf/5.3.0/../../../../../H-x86_64-mingw32/nios2-elf/lib/mno-hw-mul\libsmallc.a(lib_a-malloc.o) (_free_r)
c:/intelfpga_lite/18.1/nios2eds/bin/gnu/h-x86_64-mingw32/bin/../lib/gcc/nios2-elf/5.3.0/../../../../../H-x86_64-mingw32/nios2-elf/lib/mno-hw-mul\libsmallc.a(lib_a-nano-mallocr.o)
                              c:/intelfpga_lite/18.1/nios2eds/bin/gnu/h-x86_64-mingw32/bin/../lib/gcc/nios2-elf/5.3.0/../../../../../H-x86_64-mingw32/nios2-elf/lib/mno-hw-mul\libsmallc.a(lib_a-malloc.o) (_malloc_r)
c:/intelfpga_lite/18.1/nios2eds/bin/gnu/h-x86_64-mingw32/bin/../lib/gcc/nios2-elf/5.3.0/../../../../../H-x86_64-mingw32/nios2-elf/lib/mno-hw-mul\libsmallc.a(lib_a-printf.o)
                              obj/default/SD/sd_if.o (printf)
c:/intelfpga_lite/18.1/nios2eds/bin/gnu/h-x86_64-mingw32/bin/../lib/gcc/nios2-elf/5.3.0/../../../../../H-x86_64-mingw32/nios2-elf/lib/mno-hw-mul\libsmallc.a(lib_a-putchar.o)
                              obj/default/SD/test_sd.o (putchar)
c:/intelfpga_lite/18.1/nios2eds/bin/gnu/h-x86_64-mingw32/bin/../lib/gcc/nios2-elf/5.3.0/../../../../../H-x86_64-mingw32/nios2-elf/lib/mno-hw-mul\libsmallc.a(lib_a-puts.o)
                              obj/default/SD/sd_if.o (puts)
c:/intelfpga_lite/18.1/nios2eds/bin/gnu/h-x86_64-mingw32/bin/../lib/gcc/nios2-elf/5.3.0/../../../../../H-x86_64-mingw32/nios2-elf/lib/mno-hw-mul\libsmallc.a(lib_a-realloc.o)
                              obj/default/SD/sd_if.o (realloc)
c:/intelfpga_lite/18.1/nios2eds/bin/gnu/h-x86_64-mingw32/bin/../lib/gcc/nios2-elf/5.3.0/../../../../../H-x86_64-mingw32/nios2-elf/lib/mno-hw-mul\libsmallc.a(lib_a-sbrkr.o)
[...]
Memory Configuration

Name             Origin             Length             Attributes
reset            0x0000000000020000 0x0000000000000020
onchip_memory    0x0000000000020020 0x0000000000017fe0
*default*        0x0000000000000000 0xffffffffffffffff

Linker script and memory map

LOAD ../memory_manipulator_bsp//obj/HAL/src/crt0.o
LOAD obj/default/SD/sd_if.o
LOAD obj/default/SD/terasic_fat/FatFileSystem.o
LOAD obj/default/SD/terasic_fat/FatInternal.o
LOAD obj/default/SD/terasic_sdcard/crc16.o
LOAD obj/default/SD/terasic_sdcard/crc7.o
LOAD obj/default/SD/terasic_sdcard/sd_hal.o
LOAD obj/default/SD/terasic_sdcard/sd_lib.o
LOAD obj/default/SD/terasic_sdcard/sd_protocol.o
LOAD obj/default/SD/test_sd.o
LOAD obj/default/file_format_reader/file_format_aux.o
LOAD obj/default/file_format_reader/formats.o
LOAD obj/default/main.o
LOAD obj/default/spectrum_comm/DMA/dma_hal.o
LOAD obj/default/spectrum_comm/Peripheral_Interfaces/per_hal.o
LOAD obj/default/terasic_lib/debug.o
LOAD c:/intelfpga_lite/18.1/nios2eds/bin/gnu/h-x86_64-mingw32/bin/../lib/gcc/nios2-elf/5.3.0/../../../../../H-x86_64-mingw32/nios2-elf/lib/mno-hw-mul\libstdc++.a
LOAD c:/intelfpga_lite/18.1/nios2eds/bin/gnu/h-x86_64-mingw32/bin/../lib/gcc/nios2-elf/5.3.0/../../../../../H-x86_64-mingw32/nios2-elf/lib/mno-hw-mul\libm.a
LOAD c:/intelfpga_lite/18.1/nios2eds/bin/gnu/h-x86_64-mingw32/bin/../lib/gcc/nios2-elf/5.3.0/mno-hw-mul\libgcc.a
START GROUP
LOAD c:/intelfpga_lite/18.1/nios2eds/bin/gnu/h-x86_64-mingw32/bin/../lib/gcc/nios2-elf/5.3.0/../../../../../H-x86_64-mingw32/nios2-elf/lib/mno-hw-mul\libsmallc.a
LOAD c:/intelfpga_lite/18.1/nios2eds/bin/gnu/h-x86_64-mingw32/bin/../lib/gcc/nios2-elf/5.3.0/mno-hw-mul\libgcc.a
LOAD ../memory_manipulator_bsp/\libhal_bsp.a
LOAD c:/intelfpga_lite/18.1/nios2eds/bin/gnu/h-x86_64-mingw32/bin/../lib/gcc/nios2-elf/5.3.0/../../../../../H-x86_64-mingw32/nios2-elf/lib/mno-hw-mul\libm.a
END GROUP
LOAD c:/intelfpga_lite/18.1/nios2eds/bin/gnu/h-x86_64-mingw32/bin/../lib/gcc/nios2-elf/5.3.0/mno-hw-mul\libgcc.a
                0x0000000000020000                __alt_mem_onchip_memory = 0x20000

.entry          0x0000000000020000       0x20
 *(.entry)
 .entry         0x0000000000020000       0x20 ../memory_manipulator_bsp//obj/HAL/src/crt0.o
                0x0000000000020000                __reset

.exceptions     0x0000000000020020      0x210
                0x0000000000020020                PROVIDE (__ram_exceptions_start, ABSOLUTE (.))
                0x0000000000020020                . = ALIGN (0x20)
 *(.irq)
 *(.exceptions.entry.label)
 .exceptions.entry.label
                0x0000000000020020        0x0 ../memory_manipulator_bsp/\libhal_bsp.a(alt_irq_entry.o)
                0x0000000000020020                alt_irq_entry
 .exceptions.entry.label
                0x0000000000020020        0x0 ../memory_manipulator_bsp/\libhal_bsp.a(alt_exception_entry.o)
                0x0000000000020020                alt_exception
 *(.exceptions.entry.user)
 *(.exceptions.entry.ecc_fatal)
 *(.exceptions.entry)
 .exceptions.entry
                0x0000000000020020       0x54 ../memory_manipulator_bsp/\libhal_bsp.a(alt_exception_entry.o)
 *(.exceptions.irqtest.user)
 *(.exceptions.irqtest)
 .exceptions.irqtest
                0x0000000000020074       0x10 ../memory_manipulator_bsp/\libhal_bsp.a(alt_irq_entry.o)
 *(.exceptions.irqhandler.user)
 *(.exceptions.irqhandler)
 .exceptions.irqhandler
                0x0000000000020084        0x4 ../memory_manipulator_bsp/\libhal_bsp.a(alt_irq_entry.o)
 *(.exceptions.irqreturn.user)
 *(.exceptions.irqreturn)
 .exceptions.irqreturn
                0x0000000000020088        0x4 ../memory_manipulator_bsp/\libhal_bsp.a(alt_irq_entry.o)
 *(.exceptions.notirq.label)
 .exceptions.notirq.label
                0x000000000002008c        0x0 ../memory_manipulator_bsp/\libhal_bsp.a(alt_irq_entry.o)
 *(.exceptions.notirq.user)
 *(.exceptions.notirq)
 .exceptions.notirq
                0x000000000002008c        0x8 ../memory_manipulator_bsp/\libhal_bsp.a(alt_exception_entry.o)
 *(.exceptions.soft.user)
 *(.exceptions.soft)
 *(.exceptions.unknown.user)
 *(.exceptions.unknown)
 .exceptions.unknown
                0x0000000000020094       0x14 ../memory_manipulator_bsp/\libhal_bsp.a(alt_exception_entry.o)
 *(.exceptions.exit.label)
 .exceptions.exit.label
                0x00000000000200a8        0x0 ../memory_manipulator_bsp/\libhal_bsp.a(alt_irq_entry.o)
 .exceptions.exit.label
                0x00000000000200a8        0x0 ../memory_manipulator_bsp/\libhal_bsp.a(alt_exception_entry.o)
 *(.exceptions.exit.user)
 *(.exceptions.exit)
 .exceptions.exit
                0x00000000000200a8       0x54 ../memory_manipulator_bsp/\libhal_bsp.a(alt_exception_entry.o)
 *(.exceptions)
 .exceptions    0x00000000000200fc       0xd4 ../memory_manipulator_bsp/\libhal_bsp.a(alt_irq_handler.o)
                0x00000000000200fc                alt_irq_handler
 .exceptions    0x00000000000201d0       0x60 ../memory_manipulator_bsp/\libhal_bsp.a(alt_instruction_exception_entry.o)
                0x00000000000201d0                alt_instruction_exception_entry
                0x0000000000020230                PROVIDE (__ram_exceptions_end, ABSOLUTE (.))
                0x0000000000020020                PROVIDE (__flash_exceptions_start, LOADADDR (.exceptions))

.text           0x0000000000020230     0xdaec
                [!provide]                        PROVIDE (stext, ABSOLUTE (.))
 *(.interp)
 *(.hash)
 *(.dynsym)
 *(.dynstr)
 *(.gnu.version)
 *(.gnu.version_d)
 *(.gnu.version_r)
 *(.rel.init)
 *(.rela.init)
 *(.rel.text .rel.text.* .rel.gnu.linkonce.t.*)
 *(.rela.text .rela.text.* .rela.gnu.linkonce.t.*)
 *(.rel.fini)
 *(.rela.fini)
 *(.rel.rodata .rel.rodata.* .rel.gnu.linkonce.r.*)
 *(.rela.rodata .rela.rodata.* .rela.gnu.linkonce.r.*)
 *(.rel.data .rel.data.* .rel.gnu.linkonce.d.*)
 *(.rela.data .rela.data.* .rela.gnu.linkonce.d.*)
 *(.rel.tdata .rel.tdata.* .rel.gnu.linkonce.td.*)
 *(.rela.tdata .rela.tdata.* .rela.gnu.linkonce.td.*)
 *(.rel.tbss .rel.tbss.* .rel.gnu.linkonce.tb.*)
 *(.rela.tbss .rela.tbss.* .rela.gnu.linkonce.tb.*)
 *(.rel.ctors)
 *(.rela.ctors)
 *(.rel.dtors)
 *(.rela.dtors)
 *(.rel.got)
 *(.rela.got)
 *(.rel.sdata .rel.sdata.* .rel.gnu.linkonce.s.*)
 *(.rela.sdata .rela.sdata.* .rela.gnu.linkonce.s.*)
 *(.rel.sbss .rel.sbss.* .rel.gnu.linkonce.sb.*)
 *(.rela.sbss .rela.sbss.* .rela.gnu.linkonce.sb.*)
 *(.rel.sdata2 .rel.sdata2.* .rel.gnu.linkonce.s2.*)
 *(.rela.sdata2 .rela.sdata2.* .rela.gnu.linkonce.s2.*)
 *(.rel.sbss2 .rel.sbss2.* .rel.gnu.linkonce.sb2.*)
 *(.rela.sbss2 .rela.sbss2.* .rela.gnu.linkonce.sb2.*)
 *(.rel.bss .rel.bss.* .rel.gnu.linkonce.b.*)
 *(.rela.bss .rela.bss.* .rela.gnu.linkonce.b.*)
 *(.rel.plt)
 *(.rela.plt)
 *(.rel.dyn)
 *(.init)
 *(.plt)
 *(.text .stub .text.* .gnu.linkonce.t.*)
 .text          0x0000000000020230       0x3c ../memory_manipulator_bsp//obj/HAL/src/crt0.o
                0x0000000000020230                _start
 .text          0x000000000002026c      0x6a4 obj/default/SD/sd_if.o
                0x000000000002026c                init_SD
                0x000000000002029c                is_supported_file
                0x00000000000203bc                list_files
                0x0000000000020730                close_SD
                0x0000000000020764                print_filenames
                0x00000000000208a4                init_file
                0x00000000000208dc                close_file
 .text          0x0000000000020910     0x12d4 obj/default/SD/terasic_fat/FatFileSystem.o
                0x0000000000020910                Fat_Mount
                0x0000000000020954                Fat_Unmount
                0x00000000000209a4                Fat_Type
                0x0000000000020a20                Fat_FileBrowseBegin
                0x0000000000020a8c                Fat_FileBrowseNext
                0x0000000000020eb8                Fat_FileCount
                0x0000000000020f24                fatSameLongFilename
                0x000000000002103c                fatComposeShortFilename
                0x00000000000211f0                Fat_FileExist
                0x00000000000212a0                Fat_FileOpen
                0x00000000000213cc                Fat_FileSize
                0x0000000000021410                Fat_FileRead
                0x00000000000218cc                Fat_FileSeek
                0x00000000000219cc                Fat_FileClose
                0x0000000000021a14                Fat_SpeedTest
 .text          0x0000000000021be4     0x123c obj/default/SD/terasic_fat/FatInternal.o
                0x0000000000021be4                fat16ClusterType
                0x0000000000021c94                fat32ClusterType
                0x0000000000021d60                fatNextCluster
                0x0000000000021ef0                fatFindUnusedCluster
                0x0000000000022088                fatDelClusterList
                0x00000000000222a0                fatDumpDate
                0x0000000000022300                fatDumpTime
                0x0000000000022360                fatIsLastDir
                0x00000000000223a4                fatIsValidDir
                0x0000000000022450                fatIsUnusedDir
                0x0000000000022498                fatDump
                0x0000000000022644                fatArray2Value
                0x00000000000226cc                fatReadSecter
                0x000000000002275c                fatFindDirectory
                0x0000000000022808                fatFindUnusedDirectory
                0x0000000000022918                fatMount
                0x0000000000022cb4                SD_ReadBlock512
                0x0000000000022cf0                SD_WriteBlock512
                0x0000000000022d2c                fatMountSdcard
 .text          0x0000000000022e20       0xa4 obj/default/SD/terasic_sdcard/crc16.o
                0x0000000000022e20                crc16
 .text          0x0000000000022ec4       0xc0 obj/default/SD/terasic_sdcard/crc7.o
                0x0000000000022ec4                crc7_byte
                0x0000000000022f14                crc7
 .text          0x0000000000022f84      0xabc obj/default/SD/terasic_sdcard/sd_hal.o
                0x0000000000022f84                SDHAL_IsSupport4Bits
                0x0000000000022fb0                SDHAL_Init
                0x0000000000023020                SDHAL_SendCmd
                0x0000000000023118                SDHAL_GetResponse
                0x000000000002332c                SDHAL_ReadData
                0x00000000000237fc                SDHAL_WriteData
                0x00000000000239dc                SDHAL_DummyClock
 .text          0x0000000000023a40      0x41c obj/default/SD/terasic_sdcard/sd_lib.o
                0x0000000000023a40                SDLIB_Init
                0x0000000000023d5c                SDLIB_ReadBlock512
                0x0000000000023ddc                SDLIB_WriteBlock512
 .text          0x0000000000023e5c     0x16ac obj/default/SD/terasic_sdcard/sd_protocol.o
                0x0000000000023e5c                SD_Init
                0x0000000000023e88                SD_IsSupport4Bits
                0x0000000000023eb0                SD_CMD0
                0x0000000000023f3c                SD_CMD8
                0x00000000000240c8                SD_CMD55
                0x0000000000024248                SD_ACMD41
                0x00000000000243e4                SD_CMD2
                0x000000000002457c                SD_CMD3
                0x0000000000024718                SD_CMD9
                0x00000000000248d8                SD_CMD10
                0x0000000000024a98                SD_CMD7
                0x0000000000024c18                SD_CMD16
                0x0000000000024db8                SD_ACMD6
                0x0000000000024f44                SD_ACMD42
                0x00000000000250c4                SD_CMD17
                0x000000000002526c                SD_CMD24
                0x0000000000025414                SD_ReadData
                0x0000000000025454                SD_WriteData
                0x0000000000025494                ArrayToU32
 .text          0x0000000000025508      0x3b0 obj/default/SD/test_sd.o
                0x0000000000025508                Fat_Test
                0x00000000000257fc                SD_Test
 .text          0x00000000000258b8      0xea4 obj/default/file_format_reader/file_format_aux.o
                0x00000000000258b8                conv_data_8_16
                0x0000000000025914                reverse_16
                0x0000000000025950                get_routine_size_SNA
                0x0000000000025970                get_routine_size_z80
                0x0000000000025990                generate_full_stack_addition
                0x0000000000025d84                generate_AF_stack_addition
                0x0000000000025f48                generate_routine
 .text          0x000000000002675c     0x1828 obj/default/file_format_reader/formats.o
                0x000000000002675c                load_file
                0x0000000000026870                generate_regs_SNA
                0x0000000000026a10                load_SNA
                0x0000000000026ec0                get_version_z80
                0x0000000000026f54                is_48k
                0x0000000000026fb8                is_compressed
                0x0000000000026ffc                get_addr_from_page
                0x000000000002705c                get_data_offset
                0x00000000000270f4                generate_regs_z80
                0x00000000000272e8                load_compressed_data_block_z80
                0x0000000000027588                load_z80
 .text          0x0000000000027f84      0x7d4 obj/default/main.o
                0x0000000000027f84                inject_menu
                0x0000000000028070                my_list_test
                0x0000000000028158                load_page
                0x0000000000028358                load_game
                0x00000000000285ac                main
 .text          0x0000000000028758      0x844 obj/default/spectrum_comm/DMA/dma_hal.o
                0x0000000000028758                DMA_init
                0x00000000000287b8                DMA_request
                0x000000000002885c                read_mem
                0x000000000002892c                read_buf_mem
                0x00000000000289b4                write_mem
                0x0000000000028ac4                write_buf_mem
                0x0000000000028b58                read_io
                0x0000000000028c28                write_io
                0x0000000000028d10                wait_for_pc
                0x0000000000028da4                wait_until_routine_ends
                0x0000000000028e04                DMA_stop
                0x0000000000028ea0                DMA_stop_w_interrupt
                0x0000000000028f30                DMA_print_err
 .text          0x0000000000028f9c      0x2e0 obj/default/spectrum_comm/Peripheral_Interfaces/per_hal.o
                0x0000000000028f9c                listen_for_en
                0x0000000000029030                get_if_type
                0x0000000000029120                get_page_num
                0x0000000000029188                get_game_num
                0x00000000000291cc                is_read
                0x00000000000291fc                is_write
                0x000000000002922c                per_cmd_ack
 .text          0x000000000002927c      0x1b8 obj/default/terasic_lib/debug.o
                0x000000000002927c                debug_output
                0x00000000000292b0                myprintf
                0x000000000002931c                myprintf_hexarray
                0x00000000000293a4                myprintf_dwordarray
 .text          0x0000000000029434      0x1b4 c:/intelfpga_lite/18.1/nios2eds/bin/gnu/h-x86_64-mingw32/bin/../lib/gcc/nios2-elf/5.3.0/mno-hw-mul\libgcc.a(lib2-divmod.o)
                0x0000000000029434                __divsi3
                0x00000000000294b8                __modsi3
                0x000000000002952c                __udivsi3
                0x0000000000029590                __umodsi3
 .text          0x00000000000295e8       0x28 c:/intelfpga_lite/18.1/nios2eds/bin/gnu/h-x86_64-mingw32/bin/../lib/gcc/nios2-elf/5.3.0/mno-hw-mul\libgcc.a(lib2-mul.o)
                0x00000000000295e8                __mulsi3
 .text          0x0000000000029610      0x440 c:/intelfpga_lite/18.1/nios2eds/bin/gnu/h-x86_64-mingw32/bin/../lib/gcc/nios2-elf/5.3.0/mno-hw-mul\libgcc.a(divsf3.o)
                0x0000000000029610                __divsf3
 .text          0x0000000000029a50      0x430 c:/intelfpga_lite/18.1/nios2eds/bin/gnu/h-x86_64-mingw32/bin/../lib/gcc/nios2-elf/5.3.0/mno-hw-mul\libgcc.a(mulsf3.o)
                0x0000000000029a50                __mulsf3
 .text          0x0000000000029e80       0xf0 c:/intelfpga_lite/18.1/nios2eds/bin/gnu/h-x86_64-mingw32/bin/../lib/gcc/nios2-elf/5.3.0/mno-hw-mul\libgcc.a(floatunsisf.o)
                0x0000000000029e80                __floatunsisf
 .text          0x0000000000029f70      0x9d0 c:/intelfpga_lite/18.1/nios2eds/bin/gnu/h-x86_64-mingw32/bin/../lib/gcc/nios2-elf/5.3.0/mno-hw-mul\libgcc.a(divdf3.o)
                0x0000000000029f70                __divdf3
 .text          0x000000000002a940      0x110 c:/intelfpga_lite/18.1/nios2eds/bin/gnu/h-x86_64-mingw32/bin/../lib/gcc/nios2-elf/5.3.0/mno-hw-mul\libgcc.a(extendsfdf2.o)
                0x000000000002a940                __extendsfdf2
 .text          0x000000000002aa50      0x1a8 c:/intelfpga_lite/18.1/nios2eds/bin/gnu/h-x86_64-mingw32/bin/../lib/gcc/nios2-elf/5.3.0/mno-hw-mul\libgcc.a(truncdfsf2.o)
                0x000000000002aa50                __truncdfsf2
 .text          0x000000000002abf8       0x64 c:/intelfpga_lite/18.1/nios2eds/bin/gnu/h-x86_64-mingw32/bin/../lib/gcc/nios2-elf/5.3.0/mno-hw-mul\libgcc.a(_clzsi2.o)
                0x000000000002abf8                __clzsi2
 .text          0x000000000002ac5c        0x0 c:/intelfpga_lite/18.1/nios2eds/bin/gnu/h-x86_64-mingw32/bin/../lib/gcc/nios2-elf/5.3.0/mno-hw-mul\libgcc.a(_clz.o)
 .text          0x000000000002ac5c        0x0 c:/intelfpga_lite/18.1/nios2eds/bin/gnu/h-x86_64-mingw32/bin/../lib/gcc/nios2-elf/5.3.0/../../../../../H-x86_64-mingw32/nios2-elf/lib/mno-hw-mul\libsmallc.a(lib_a-malloc.o)
 .text.malloc   0x000000000002ac5c       0x14 c:/intelfpga_lite/18.1/nios2eds/bin/gnu/h-x86_64-mingw32/bin/../lib/gcc/nios2-elf/5.3.0/../../../../../H-x86_64-mingw32/nios2-elf/lib/mno-hw-mul\libsmallc.a(lib_a-malloc.o)
                0x000000000002ac5c                malloc
 .text.free     0x000000000002ac70       0x14 c:/intelfpga_lite/18.1/nios2eds/bin/gnu/h-x86_64-mingw32/bin/../lib/gcc/nios2-elf/5.3.0/../../../../../H-x86_64-mingw32/nios2-elf/lib/mno-hw-mul\libsmallc.a(lib_a-malloc.o)
                0x000000000002ac70                free
 .text          0x000000000002ac84        0x0 c:/intelfpga_lite/18.1/nios2eds/bin/gnu/h-x86_64-mingw32/bin/../lib/gcc/nios2-elf/5.3.0/../../../../../H-x86_64-mingw32/nios2-elf/lib/mno-hw-mul\libsmallc.a(lib_a-memcpy.o)
 .text.memcpy   0x000000000002ac84       0x28 c:/intelfpga_lite/18.1/nios2eds/bin/gnu/h-x86_64-mingw32/bin/../lib/gcc/nios2-elf/5.3.0/../../../../../H-x86_64-mingw32/nios2-elf/lib/mno-hw-mul\libsmallc.a(lib_a-memcpy.o)
                0x000000000002ac84                memcpy
 .text          0x000000000002acac        0x0 c:/intelfpga_lite/18.1/nios2eds/bin/gnu/h-x86_64-mingw32/bin/../lib/gcc/nios2-elf/5.3.0/../../../../../H-x86_64-mingw32/nios2-elf/lib/mno-hw-mul\libsmallc.a(lib_a-memset.o)
 .text.memset   0x000000000002acac       0x20 c:/intelfpga_lite/18.1/nios2eds/bin/gnu/h-x86_64-mingw32/bin/../lib/gcc/nios2-elf/5.3.0/../../../../../H-x86_64-mingw32/nios2-elf/lib/mno-hw-mul\libsmallc.a(lib_a-memset.o)
                0x000000000002acac                memset
 .text          0x000000000002accc        0x0 c:/intelfpga_lite/18.1/nios2eds/bin/gnu/h-x86_64-mingw32/bin/../lib/gcc/nios2-elf/5.3.0/../../../../../H-x86_64-mingw32/nios2-elf/lib/mno-hw-mul\libsmallc.a(lib_a-nano-freer.o)
 .text._free_r  0x000000000002accc       0xe4 c:/intelfpga_lite/18.1/nios2eds/bin/gnu/h-x86_64-mingw32/bin/../lib/gcc/nios2-elf/5.3.0/../../../../../H-x86_64-mingw32/nios2-elf/lib/mno-hw-mul\libsmallc.a(lib_a-nano-freer.o)
                0x000000000002accc                _free_r
 .text          0x000000000002adb0        0x0 c:/intelfpga_lite/18.1/nios2eds/bin/gnu/h-x86_64-mingw32/bin/../lib/gcc/nios2-elf/5.3.0/../../../../../H-x86_64-mingw32/nios2-elf/lib/mno-hw-mul\libsmallc.a(lib_a-nano-mallocr.o)
 .text._malloc_r
                0x000000000002adb0      0x158 c:/intelfpga_lite/18.1/nios2eds/bin/gnu/h-x86_64-mingw32/bin/../lib/gcc/nios2-elf/5.3.0/../../../../../H-x86_64-mingw32/nios2-elf/lib/mno-hw-mul\libsmallc.a(lib_a-nano-mallocr.o)
                0x000000000002adb0                _malloc_r
 .text          0x000000000002af08        0x0 c:/intelfpga_lite/18.1/nios2eds/bin/gnu/h-x86_64-mingw32/bin/../lib/gcc/nios2-elf/5.3.0/../../../../../H-x86_64-mingw32/nios2-elf/lib/mno-hw-mul\libsmallc.a(lib_a-printf.o)
 .text._printf_r
                0x000000000002af08       0x3c c:/intelfpga_lite/18.1/nios2eds/bin/gnu/h-x86_64-mingw32/bin/../lib/gcc/nios2-elf/5.3.0/../../../../../H-x86_64-mingw32/nios2-elf/lib/mno-hw-mul\libsmallc.a(lib_a-printf.o)
                0x000000000002af08                _printf_r
 .text.printf   0x000000000002af44       0x4c c:/intelfpga_lite/18.1/nios2eds/bin/gnu/h-x86_64-mingw32/bin/../lib/gcc/nios2-elf/5.3.0/../../../../../H-x86_64-mingw32/nios2-elf/lib/mno-hw-mul\libsmallc.a(lib_a-printf.o)
                0x000000000002af44                printf
 .text          0x000000000002af90        0x0 c:/intelfpga_lite/18.1/nios2eds/bin/gnu/h-x86_64-mingw32/bin/../lib/gcc/nios2-elf/5.3.0/../../../../../H-x86_64-mingw32/nios2-elf/lib/mno-hw-mul\libsmallc.a(lib_a-putchar.o)
 .text._putchar_r
                0x000000000002af90        0x8 c:/intelfpga_lite/18.1/nios2eds/bin/gnu/h-x86_64-mingw32/bin/../lib/gcc/nios2-elf/5.3.0/../../../../../H-x86_64-mingw32/nios2-elf/lib/mno-hw-mul\libsmallc.a(lib_a-putchar.o)
                0x000000000002af90                _putchar_r
 .text.putchar  0x000000000002af98       0x1c c:/intelfpga_lite/18.1/nios2eds/bin/gnu/h-x86_64-mingw32/bin/../lib/gcc/nios2-elf/5.3.0/../../../../../H-x86_64-mingw32/nios2-elf/lib/mno-hw-mul\libsmallc.a(lib_a-putchar.o)
                0x000000000002af98                putchar
 .text          0x000000000002afb4        0x0 c:/intelfpga_lite/18.1/nios2eds/bin/gnu/h-x86_64-mingw32/bin/../lib/gcc/nios2-elf/5.3.0/../../../../../H-x86_64-mingw32/nios2-elf/lib/mno-hw-mul\libsmallc.a(lib_a-puts.o)
 .text._puts_r  0x000000000002afb4       0x80 c:/intelfpga_lite/18.1/nios2eds/bin/gnu/h-x86_64-mingw32/bin/../lib/gcc/nios2-elf/5.3.0/../../../../../H-x86_64-mingw32/nios2-elf/lib/mno-hw-mul\libsmallc.a(lib_a-puts.o)
                0x000000000002afb4                _puts_r
 .text.puts     0x000000000002b034       0x14 c:/intelfpga_lite/18.1/nios2eds/bin/gnu/h-x86_64-mingw32/bin/../lib/gcc/nios2-elf/5.3.0/../../../../../H-x86_64-mingw32/nios2-elf/lib/mno-hw-mul\libsmallc.a(lib_a-puts.o)
                0x000000000002b034                puts
 .text          0x000000000002b048        0x0 c:/intelfpga_lite/18.1/nios2eds/bin/gnu/h-x86_64-mingw32/bin/../lib/gcc/nios2-elf/5.3.0/../../../../../H-x86_64-mingw32/nios2-elf/lib/mno-hw-mul\libsmallc.a(lib_a-realloc.o)
 .text.realloc  0x000000000002b048       0x18 c:/intelfpga_lite/18.1/nios2eds/bin/gnu/h-x86_64-mingw32/bin/../lib/gcc/nios2-elf/5.3.0/../../../../../H-x86_64-mingw32/nios2-elf/lib/mno-hw-mul\libsmallc.a(lib_a-realloc.o)
                0x000000000002b048                realloc
 .text          0x000000000002b060        0x0 c:/intelfpga_lite/18.1/nios2eds/bin/gnu/h-x86_64-mingw32/bin/../lib/gcc/nios2-elf/5.3.0/../../../../../H-x86_64-mingw32/nios2-elf/lib/mno-hw-mul\libsmallc.a(lib_a-sbrkr.o)
 .text._sbrk_r  0x000000000002b060       0x50 c:/intelfpga_lite/18.1/nios2eds/bin/gnu/h-x86_64-mingw32/bin/../lib/gcc/nios2-elf/5.3.0/../../../../../H-x86_64-mingw32/nios2-elf/lib/mno-hw-mul\libsmallc.a(lib_a-sbrkr.o)
                0x000000000002b060                _sbrk_r
 .text          0x000000000002b0b0        0x0 c:/intelfpga_lite/18.1/nios2eds/bin/gnu/h-x86_64-mingw32/bin/../lib/gcc/nios2-elf/5.3.0/../../../../../H-x86_64-mingw32/nios2-elf/lib/mno-hw-mul\libsmallc.a(lib_a-snprintf.o)
 .text._snprintf_r
                0x000000000002b0b0       0xb0 c:/intelfpga_lite/18.1/nios2eds/bin/gnu/h-x86_64-mingw32/bin/../lib/gcc/nios2-elf/5.3.0/../../../../../H-x86_64-mingw32/nios2-elf/lib/mno-hw-mul\libsmallc.a(lib_a-snprintf.o)
                0x000000000002b0b0                _snprintf_r
 .text.snprintf
                0x000000000002b160       0xb8 c:/intelfpga_lite/18.1/nios2eds/bin/gnu/h-x86_64-mingw32/bin/../lib/gcc/nios2-elf/5.3.0/../../../../../H-x86_64-mingw32/nios2-elf/lib/mno-hw-mul\libsmallc.a(lib_a-snprintf.o)
                0x000000000002b160                snprintf
 .text          0x000000000002b218        0x0 c:/intelfpga_lite/18.1/nios2eds/bin/gnu/h-x86_64-mingw32/bin/../lib/gcc/nios2-elf/5.3.0/../../../../../H-x86_64-mingw32/nios2-elf/lib/mno-hw-mul\libsmallc.a(lib_a-sprintf.o)
 .text._sprintf_r
                0x000000000002b218       0x64 c:/intelfpga_lite/18.1/nios2eds/bin/gnu/h-x86_64-mingw32/bin/../lib/gcc/nios2-elf/5.3.0/../../../../../H-x86_64-mingw32/nios2-elf/lib/mno-hw-mul\libsmallc.a(lib_a-sprintf.o)
                0x000000000002b218                _sprintf_r
 .text.sprintf  0x000000000002b27c       0x78 c:/intelfpga_lite/18.1/nios2eds/bin/gnu/h-x86_64-mingw32/bin/../lib/gcc/nios2-elf/5.3.0/../../../../../H-x86_64-mingw32/nios2-elf/lib/mno-hw-mul\libsmallc.a(lib_a-sprintf.o)
                0x000000000002b27c                sprintf
 .text          0x000000000002b2f4        0x0 c:/intelfpga_lite/18.1/nios2eds/bin/gnu/h-x86_64-mingw32/bin/../lib/gcc/nios2-elf/5.3.0/../../../../../H-x86_64-mingw32/nios2-elf/lib/mno-hw-mul\libsmallc.a(lib_a-strcasecmp.o)
 .text.strcasecmp
                0x000000000002b2f4       0x58 c:/intelfpga_lite/18.1/nios2eds/bin/gnu/h-x86_64-mingw32/bin/../lib/gcc/nios2-elf/5.3.0/../../../../../H-x86_64-mingw32/nios2-elf/lib/mno-hw-mul\libsmallc.a(lib_a-strcasecmp.o)
                0x000000000002b2f4                strcasecmp
 .text          0x000000000002b34c        0x0 c:/intelfpga_lite/18.1/nios2eds/bin/gnu/h-x86_64-mingw32/bin/../lib/gcc/nios2-elf/5.3.0/../../../../../H-x86_64-mingw32/nios2-elf/lib/mno-hw-mul\libsmallc.a(lib_a-strlen.o)
 .text.strlen   0x000000000002b34c       0x1c c:/intelfpga_lite/18.1/nios2eds/bin/gnu/h-x86_64-mingw32/bin/../lib/gcc/nios2-elf/5.3.0/../../../../../H-x86_64-mingw32/nios2-elf/lib/mno-hw-mul\libsmallc.a(lib_a-strlen.o)
                0x000000000002b34c                strlen
 .text          0x000000000002b368        0x0 c:/intelfpga_lite/18.1/nios2eds/bin/gnu/h-x86_64-mingw32/bin/../lib/gcc/nios2-elf/5.3.0/../../../../../H-x86_64-mingw32/nios2-elf/lib/mno-hw-mul\libsmallc.a(lib_a-strncmp.o)
 .text.strncmp  0x000000000002b368       0x60 c:/intelfpga_lite/18.1/nios2eds/bin/gnu/h-x86_64-mingw32/bin/../lib/gcc/nios2-elf/5.3.0/../../../../../H-x86_64-mingw32/nios2-elf/lib/mno-hw-mul\libsmallc.a(lib_a-strncmp.o)
                0x000000000002b368                strncmp
 .text          0x000000000002b3c8        0x0 c:/intelfpga_lite/18.1/nios2eds/bin/gnu/h-x86_64-mingw32/bin/../lib/gcc/nios2-elf/5.3.0/../../../../../H-x86_64-mingw32/nios2-elf/lib/mno-hw-mul\libsmallc.a(lib_a-strncpy.o)
 .text.strncpy  0x000000000002b3c8       0x54 c:/intelfpga_lite/18.1/nios2eds/bin/gnu/h-x86_64-mingw32/bin/../lib/gcc/nios2-elf/5.3.0/../../../../../H-x86_64-mingw32/nios2-elf/lib/mno-hw-mul\libsmallc.a(lib_a-strncpy.o)
                0x000000000002b3c8                strncpy
 .text          0x000000000002b41c        0x0 c:/intelfpga_lite/18.1/nios2eds/bin/gnu/h-x86_64-mingw32/bin/../lib/gcc/nios2-elf/5.3.0/../../../../../H-x86_64-mingw32/nios2-elf/lib/mno-hw-mul\libsmallc.a(lib_a-svfprintf.o)
 .text.print_repeat
                0x000000000002b41c       0x6c c:/intelfpga_lite/18.1/nios2eds/bin/gnu/h-x86_64-mingw32/bin/../lib/gcc/nios2-elf/5.3.0/../../../../../H-x86_64-mingw32/nios2-elf/lib/mno-hw-mul\libsmallc.a(lib_a-svfprintf.o)
 .text.___svfprintf_internal_r
                0x000000000002b488      0x52c c:/intelfpga_lite/18.1/nios2eds/bin/gnu/h-x86_64-mingw32/bin/../lib/gcc/nios2-elf/5.3.0/../../../../../H-x86_64-mingw32/nios2-elf/lib/mno-hw-mul\libsmallc.a(lib_a-svfprintf.o)
                0x000000000002b488                ___svfprintf_internal_r
 .text.__vfprintf_internal_unused
                0x000000000002b9b4       0x1c c:/intelfpga_lite/18.1/nios2eds/bin/gnu/h-x86_64-mingw32/bin/../lib/gcc/nios2-elf/5.3.0/../../../../../H-x86_64-mingw32/nios2-elf/lib/mno-hw-mul\libsmallc.a(lib_a-svfprintf.o)
                0x000000000002b9b4                __vfprintf_internal_unused
 .text          0x000000000002b9d0        0x0 c:/intelfpga_lite/18.1/nios2eds/bin/gnu/h-x86_64-mingw32/bin/../lib/gcc/nios2-elf/5.3.0/../../../../../H-x86_64-mingw32/nios2-elf/lib/mno-hw-mul\libsmallc.a(lib_a-tolower.o)
 .text.tolower  0x000000000002b9d0       0x30 c:/intelfpga_lite/18.1/nios2eds/bin/gnu/h-x86_64-mingw32/bin/../lib/gcc/nios2-elf/5.3.0/../../../../../H-x86_64-mingw32/nios2-elf/lib/mno-hw-mul\libsmallc.a(lib_a-tolower.o)
                0x000000000002b9d0                tolower
 .text          0x000000000002ba00        0x0 c:/intelfpga_lite/18.1/nios2eds/bin/gnu/h-x86_64-mingw32/bin/../lib/gcc/nios2-elf/5.3.0/../../../../../H-x86_64-mingw32/nios2-elf/lib/mno-hw-mul\libsmallc.a(lib_a-vfprintf.o)
 .text.print_repeat
                0x000000000002ba00       0x6c c:/intelfpga_lite/18.1/nios2eds/bin/gnu/h-x86_64-mingw32/bin/../lib/gcc/nios2-elf/5.3.0/../../../../../H-x86_64-mingw32/nios2-elf/lib/mno-hw-mul\libsmallc.a(lib_a-vfprintf.o)
 .text.___vfprintf_internal_r
                0x000000000002ba6c      0x52c c:/intelfpga_lite/18.1/nios2eds/bin/gnu/h-x86_64-mingw32/bin/../lib/gcc/nios2-elf/5.3.0/../../../../../H-x86_64-mingw32/nios2-elf/lib/mno-hw-mul\libsmallc.a(lib_a-vfprintf.o)
                0x000000000002ba6c                ___vfprintf_internal_r
 .text.__vfprintf_internal
                0x000000000002bf98       0x1c c:/intelfpga_lite/18.1/nios2eds/bin/gnu/h-x86_64-mingw32/bin/../lib/gcc/nios2-elf/5.3.0/../../../../../H-x86_64-mingw32/nios2-elf/lib/mno-hw-mul\libsmallc.a(lib_a-vfprintf.o)
                0x000000000002bf98                __vfprintf_internal
 .text          0x000000000002bfb4        0x0 c:/intelfpga_lite/18.1/nios2eds/bin/gnu/h-x86_64-mingw32/bin/../lib/gcc/nios2-elf/5.3.0/../../../../../H-x86_64-mingw32/nios2-elf/lib/mno-hw-mul\libsmallc.a(lib_a-vsnprintf.o)
 .text._vsnprintf_r
                0x000000000002bfb4       0xbc c:/intelfpga_lite/18.1/nios2eds/bin/gnu/h-x86_64-mingw32/bin/../lib/gcc/nios2-elf/5.3.0/../../../../../H-x86_64-mingw32/nios2-elf/lib/mno-hw-mul\libsmallc.a(lib_a-vsnprintf.o)
                0x000000000002bfb4                _vsnprintf_r
 .text.vsnprintf
                0x000000000002c070       0x34 c:/intelfpga_lite/18.1/nios2eds/bin/gnu/h-x86_64-mingw32/bin/../lib/gcc/nios2-elf/5.3.0/../../../../../H-x86_64-mingw32/nios2-elf/lib/mno-hw-mul\libsmallc.a(lib_a-vsnprintf.o)
                0x000000000002c070                vsnprintf
 .text          0x000000000002c0a4        0x0 c:/intelfpga_lite/18.1/nios2eds/bin/gnu/h-x86_64-mingw32/bin/../lib/gcc/nios2-elf/5.3.0/../../../../../H-x86_64-mingw32/nios2-elf/lib/mno-hw-mul\libsmallc.a(lib_a-ctype_.o)
 .text          0x000000000002c0a4        0x0 c:/intelfpga_lite/18.1/nios2eds/bin/gnu/h-x86_64-mingw32/bin/../lib/gcc/nios2-elf/5.3.0/../../../../../H-x86_64-mingw32/nios2-elf/lib/mno-hw-mul\libsmallc.a(lib_a-fvwrite_small_dev.o)
 .text.__sfvwrite_small_dev
                0x000000000002c0a4       0xb8 c:/intelfpga_lite/18.1/nios2eds/bin/gnu/h-x86_64-mingw32/bin/../lib/gcc/nios2-elf/5.3.0/../../../../../H-x86_64-mingw32/nios2-elf/lib/mno-hw-mul\libsmallc.a(lib_a-fvwrite_small_dev.o)
                0x000000000002c0a4                __sfvwrite_small_dev
 .text          0x000000000002c15c        0x0 c:/intelfpga_lite/18.1/nios2eds/bin/gnu/h-x86_64-mingw32/bin/../lib/gcc/nios2-elf/5.3.0/../../../../../H-x86_64-mingw32/nios2-elf/lib/mno-hw-mul\libsmallc.a(lib_a-fvwrite_small_str.o)
 .text.__sfvwrite_small_str
                0x000000000002c15c       0xa8 c:/intelfpga_lite/18.1/nios2eds/bin/gnu/h-x86_64-mingw32/bin/../lib/gcc/nios2-elf/5.3.0/../../../../../H-x86_64-mingw32/nios2-elf/lib/mno-hw-mul\libsmallc.a(lib_a-fvwrite_small_str.o)
                0x000000000002c15c                __sfvwrite_small_str
 .text          0x000000000002c204        0x0 c:/intelfpga_lite/18.1/nios2eds/bin/gnu/h-x86_64-mingw32/bin/../lib/gcc/nios2-elf/5.3.0/../../../../../H-x86_64-mingw32/nios2-elf/lib/mno-hw-mul\libsmallc.a(lib_a-impure.o)
 .text          0x000000000002c204        0x0 c:/intelfpga_lite/18.1/nios2eds/bin/gnu/h-x86_64-mingw32/bin/../lib/gcc/nios2-elf/5.3.0/../../../../../H-x86_64-mingw32/nios2-elf/lib/mno-hw-mul\libsmallc.a(lib_a-int_errno.o)
 .text          0x000000000002c204        0x0 c:/intelfpga_lite/18.1/nios2eds/bin/gnu/h-x86_64-mingw32/bin/../lib/gcc/nios2-elf/5.3.0/../../../../../H-x86_64-mingw32/nios2-elf/lib/mno-hw-mul\libsmallc.a(lib_a-memmove.o)
 .text.memmove  0x000000000002c204       0x60 c:/intelfpga_lite/18.1/nios2eds/bin/gnu/h-x86_64-mingw32/bin/../lib/gcc/nios2-elf/5.3.0/../../../../../H-x86_64-mingw32/nios2-elf/lib/mno-hw-mul\libsmallc.a(lib_a-memmove.o)
                0x000000000002c204                memmove
 .text          0x000000000002c264        0x0 c:/intelfpga_lite/18.1/nios2eds/bin/gnu/h-x86_64-mingw32/bin/../lib/gcc/nios2-elf/5.3.0/../../../../../H-x86_64-mingw32/nios2-elf/lib/mno-hw-mul\libsmallc.a(lib_a-nano-reallocr.o)
 .text._realloc_r
                0x000000000002c264       0xa4 c:/intelfpga_lite/18.1/nios2eds/bin/gnu/h-x86_64-mingw32/bin/../lib/gcc/nios2-elf/5.3.0/../../../../../H-x86_64-mingw32/nios2-elf/lib/mno-hw-mul\libsmallc.a(lib_a-nano-reallocr.o)
                0x000000000002c264                _realloc_r
 .text          0x000000000002c308        0x0 c:/intelfpga_lite/18.1/nios2eds/bin/gnu/h-x86_64-mingw32/bin/../lib/gcc/nios2-elf/5.3.0/../../../../../H-x86_64-mingw32/nios2-elf/lib/mno-hw-mul\libsmallc.a(lib_a-putc.o)
 .text.putc     0x000000000002c308       0x54 c:/intelfpga_lite/18.1/nios2eds/bin/gnu/h-x86_64-mingw32/bin/../lib/gcc/nios2-elf/5.3.0/../../../../../H-x86_64-mingw32/nios2-elf/lib/mno-hw-mul\libsmallc.a(lib_a-putc.o)
                0x000000000002c308                putc
 .text._putc_r  0x000000000002c35c       0x58 c:/intelfpga_lite/18.1/nios2eds/bin/gnu/h-x86_64-mingw32/bin/../lib/gcc/nios2-elf/5.3.0/../../../../../H-x86_64-mingw32/nios2-elf/lib/mno-hw-mul\libsmallc.a(lib_a-putc.o)
                0x000000000002c35c                _putc_r
 .text          0x000000000002c3b4        0x0 c:/intelfpga_lite/18.1/nios2eds/bin/gnu/h-x86_64-mingw32/bin/../lib/gcc/nios2-elf/5.3.0/../../../../../H-x86_64-mingw32/nios2-elf/lib/mno-hw-mul\libsmallc.a(lib_a-writer.o)
 .text._write_r
                0x000000000002c3b4       0x58 c:/intelfpga_lite/18.1/nios2eds/bin/gnu/h-x86_64-mingw32/bin/../lib/gcc/nios2-elf/5.3.0/../../../../../H-x86_64-mingw32/nios2-elf/lib/mno-hw-mul\libsmallc.a(lib_a-writer.o)
                0x000000000002c3b4                _write_r
 .text          0x000000000002c40c        0x0 c:/intelfpga_lite/18.1/nios2eds/bin/gnu/h-x86_64-mingw32/bin/../lib/gcc/nios2-elf/5.3.0/../../../../../H-x86_64-mingw32/nios2-elf/lib/mno-hw-mul\libsmallc.a(lib_a-nano-msizer.o)
 .text._malloc_usable_size_r
                0x000000000002c40c       0x1c c:/intelfpga_lite/18.1/nios2eds/bin/gnu/h-x86_64-mingw32/bin/../lib/gcc/nios2-elf/5.3.0/../../../../../H-x86_64-mingw32/nios2-elf/lib/mno-hw-mul\libsmallc.a(lib_a-nano-msizer.o)
                0x000000000002c40c                _malloc_usable_size_r
 .text          0x000000000002c428       0xec ../memory_manipulator_bsp/\libhal_bsp.a(alt_load.o)
                0x000000000002c490                alt_load
 .text          0x000000000002c514       0x6c ../memory_manipulator_bsp/\libhal_bsp.a(alt_main.o)
                0x000000000002c514                alt_main
 .text          0x000000000002c580       0xb0 ../memory_manipulator_bsp/\libhal_bsp.a(alt_sbrk.o)
                0x000000000002c580                sbrk
 .text          0x000000000002c630      0x1a4 ../memory_manipulator_bsp/\libhal_bsp.a(alt_tick.o)
                0x000000000002c630                alt_alarm_stop
                0x000000000002c6cc                alt_tick
 .text          0x000000000002c7d4       0x30 ../memory_manipulator_bsp/\libhal_bsp.a(alt_usleep.o)
                0x000000000002c7d4                usleep
 .text          0x000000000002c804      0x13c ../memory_manipulator_bsp/\libhal_bsp.a(alt_write.o)
                0x000000000002c840                write
 .text          0x000000000002c940       0xb8 ../memory_manipulator_bsp/\libhal_bsp.a(alt_sys_init.o)
                0x000000000002c974                alt_irq_init
                0x000000000002c9ac                alt_sys_init
 .text          0x000000000002c9f8       0xc0 ../memory_manipulator_bsp/\libhal_bsp.a(altera_avalon_jtag_uart_fd.o)
                0x000000000002c9f8                altera_avalon_jtag_uart_read_fd
                0x000000000002ca58                altera_avalon_jtag_uart_write_fd
 .text          0x000000000002cab8       0xec ../memory_manipulator_bsp/\libhal_bsp.a(altera_avalon_jtag_uart_read.o)
                0x000000000002cab8                altera_avalon_jtag_uart_read
 .text          0x000000000002cba4       0x94 ../memory_manipulator_bsp/\libhal_bsp.a(altera_avalon_jtag_uart_write.o)
                0x000000000002cba4                altera_avalon_jtag_uart_write
 .text          0x000000000002cc38       0xf4 ../memory_manipulator_bsp/\libhal_bsp.a(altera_avalon_timer_sc.o)
                0x000000000002ccb0                alt_avalon_timer_sc_init
 .text          0x000000000002cd2c      0x158 ../memory_manipulator_bsp/\libhal_bsp.a(alt_busy_sleep.o)
                0x000000000002cd2c                alt_busy_sleep
 .text          0x000000000002ce84      0x114 ../memory_manipulator_bsp/\libhal_bsp.a(alt_close.o)
                0x000000000002cec0                close
 .text          0x000000000002cf98       0x20 ../memory_manipulator_bsp/\libhal_bsp.a(alt_dcache_flush_all.o)
                0x000000000002cf98                alt_dcache_flush_all
 .text          0x000000000002cfb8       0x2c ../memory_manipulator_bsp/\libhal_bsp.a(alt_dev.o)
 .text          0x000000000002cfe4       0xe0 ../memory_manipulator_bsp/\libhal_bsp.a(alt_dev_llist_insert.o)
                0x000000000002d020                alt_dev_llist_insert
 .text          0x000000000002d0c4        0x0 ../memory_manipulator_bsp/\libhal_bsp.a(alt_errno.o)
 .text          0x000000000002d0c4       0x20 ../memory_manipulator_bsp/\libhal_bsp.a(alt_icache_flush_all.o)
                0x000000000002d0c4                alt_icache_flush_all
 .text          0x000000000002d0e4      0x1b0 ../memory_manipulator_bsp/\libhal_bsp.a(alt_iic.o)
                0x000000000002d0e4                alt_ic_isr_register
                0x000000000002d134                alt_ic_irq_enable
                0x000000000002d1bc                alt_ic_irq_disable
                0x000000000002d248                alt_ic_irq_enabled
 .text          0x000000000002d294       0xf0 ../memory_manipulator_bsp/\libhal_bsp.a(alt_iic_isr_register.o)
                0x000000000002d294                alt_iic_isr_register
 .text          0x000000000002d384      0x160 ../memory_manipulator_bsp/\libhal_bsp.a(alt_io_redirect.o)
                0x000000000002d468                alt_io_redirect
 .text          0x000000000002d4e4        0x0 ../memory_manipulator_bsp/\libhal_bsp.a(alt_irq_entry.o)
 .text          0x000000000002d4e4        0x0 ../memory_manipulator_bsp/\libhal_bsp.a(alt_irq_handler.o)
 .text          0x000000000002d4e4        0x0 ../memory_manipulator_bsp/\libhal_bsp.a(alt_irq_vars.o)
 .text          0x000000000002d4e4      0x284 ../memory_manipulator_bsp/\libhal_bsp.a(alt_open.o)
                0x000000000002d60c                open
 .text          0x000000000002d768       0x84 ../memory_manipulator_bsp/\libhal_bsp.a(alt_release_fd.o)
                0x000000000002d768                alt_release_fd
 .text          0x000000000002d7ec       0x24 ../memory_manipulator_bsp/\libhal_bsp.a(altera_nios2_gen2_irq.o)
                0x000000000002d7ec                altera_nios2_gen2_irq_init
 .text          0x000000000002d810        0x0 ../memory_manipulator_bsp/\libhal_bsp.a(alt_exception_entry.o)
 .text          0x000000000002d810       0x90 ../memory_manipulator_bsp/\libhal_bsp.a(alt_find_dev.o)
                0x000000000002d810                alt_find_dev
 .text          0x000000000002d8a0      0x108 ../memory_manipulator_bsp/\libhal_bsp.a(alt_find_file.o)
                0x000000000002d8a0                alt_find_file
 .text          0x000000000002d9a8       0xc4 ../memory_manipulator_bsp/\libhal_bsp.a(alt_get_fd.o)
                0x000000000002d9a8                alt_get_fd
 .text          0x000000000002da6c       0x9c ../memory_manipulator_bsp/\libhal_bsp.a(alt_instruction_exception_entry.o)
                0x000000000002da6c                alt_exception_cause_generated_bad_addr
 .text          0x000000000002db08        0x0 c:/intelfpga_lite/18.1/nios2eds/bin/gnu/h-x86_64-mingw32/bin/../lib/gcc/nios2-elf/5.3.0/../../../../../H-x86_64-mingw32/nios2-elf/lib/mno-hw-mul\libsmallc.a(lib_a-exit.o)
 .text.exit     0x000000000002db08       0x20 c:/intelfpga_lite/18.1/nios2eds/bin/gnu/h-x86_64-mingw32/bin/../lib/gcc/nios2-elf/5.3.0/../../../../../H-x86_64-mingw32/nios2-elf/lib/mno-hw-mul\libsmallc.a(lib_a-exit.o)
                0x000000000002db08                exit
 .text          0x000000000002db28        0x0 c:/intelfpga_lite/18.1/nios2eds/bin/gnu/h-x86_64-mingw32/bin/../lib/gcc/nios2-elf/5.3.0/../../../../../H-x86_64-mingw32/nios2-elf/lib/mno-hw-mul\libsmallc.a(lib_a-memcmp.o)
 .text.memcmp   0x000000000002db28       0x30 c:/intelfpga_lite/18.1/nios2eds/bin/gnu/h-x86_64-mingw32/bin/../lib/gcc/nios2-elf/5.3.0/../../../../../H-x86_64-mingw32/nios2-elf/lib/mno-hw-mul\libsmallc.a(lib_a-memcmp.o)
                0x000000000002db28                memcmp
 .text          0x000000000002db58        0x0 c:/intelfpga_lite/18.1/nios2eds/bin/gnu/h-x86_64-mingw32/bin/../lib/gcc/nios2-elf/5.3.0/../../../../../H-x86_64-mingw32/nios2-elf/lib/mno-hw-mul\libsmallc.a(lib_a-__call_atexit.o)
 .text.__call_exitprocs
                0x000000000002db58      0x190 c:/intelfpga_lite/18.1/nios2eds/bin/gnu/h-x86_64-mingw32/bin/../lib/gcc/nios2-elf/5.3.0/../../../../../H-x86_64-mingw32/nios2-elf/lib/mno-hw-mul\libsmallc.a(lib_a-__call_atexit.o)
                0x000000000002db58                __call_exitprocs
 .text          0x000000000002dce8       0x34 ../memory_manipulator_bsp/\libhal_bsp.a(alt_exit.o)
                0x000000000002dce8                _exit
 *(.gnu.warning.*)
 *(.fini)
                [!provide]                        PROVIDE (__etext, ABSOLUTE (.))
                [!provide]                        PROVIDE (_etext, ABSOLUTE (.))
                [!provide]                        PROVIDE (etext, ABSOLUTE (.))
 *(.eh_frame_hdr)
                0x000000000002dd1c                . = ALIGN (0x4)
                [!provide]                        PROVIDE (__preinit_array_start, ABSOLUTE (.))
 *(.preinit_array)
                [!provide]                        PROVIDE (__preinit_array_end, ABSOLUTE (.))
                [!provide]                        PROVIDE (__init_array_start, ABSOLUTE (.))
 *(.init_array)
                [!provide]                        PROVIDE (__init_array_end, ABSOLUTE (.))
                [!provide]                        PROVIDE (__fini_array_start, ABSOLUTE (.))
 *(.fini_array)
                [!provide]                        PROVIDE (__fini_array_end, ABSOLUTE (.))
 *(.eh_frame)
 *(.gcc_except_table .gcc_except_table.*)
 *(.dynamic)
                [!provide]                        PROVIDE (__CTOR_LIST__, ABSOLUTE (.))
 *(.ctors)
 *(SORT(.ctors.*))
                [!provide]                        PROVIDE (__CTOR_END__, ABSOLUTE (.))
                [!provide]                        PROVIDE (__DTOR_LIST__, ABSOLUTE (.))
 *(.dtors)
 *(SORT(.dtors.*))
                [!provide]                        PROVIDE (__DTOR_END__, ABSOLUTE (.))
 *(.jcr)
                0x000000000002dd1c                . = ALIGN (0x4)

.rodata         0x000000000002dd1c     0x1340
                0x000000000002dd1c                PROVIDE (__ram_rodata_start, ABSOLUTE (.))
                0x000000000002dd1c                . = ALIGN (0x4)
 *(.rodata .rodata.* .gnu.linkonce.r.*)
 .rodata        0x000000000002dd1c       0x70 obj/default/SD/sd_if.o
 .rodata        0x000000000002dd8c       0x5e obj/default/SD/terasic_fat/FatFileSystem.o
 *fill*         0x000000000002ddea        0x2 
 .rodata        0x000000000002ddec       0x5e obj/default/SD/terasic_fat/FatInternal.o
 .rodata        0x000000000002de4a      0x200 obj/default/SD/terasic_sdcard/crc16.o
 .rodata        0x000000000002e04a      0x100 obj/default/SD/terasic_sdcard/crc7.o
 *fill*         0x000000000002e14a        0x2 
 .rodata        0x000000000002e14c      0x175 obj/default/SD/test_sd.o
 *fill*         0x000000000002e2c1        0x3 
 .rodata        0x000000000002e2c4       0x98 obj/default/file_format_reader/file_format_aux.o
 .rodata        0x000000000002e35c      0x21e obj/default/file_format_reader/formats.o
 *fill*         0x000000000002e57a        0x2 
 .rodata        0x000000000002e57c      0x6a9 obj/default/main.o
                0x000000000002e57c                menu_code
 *fill*         0x000000000002ec25        0x3 
 .rodata        0x000000000002ec28       0x4c obj/default/spectrum_comm/DMA/dma_hal.o
 .rodata        0x000000000002ec74       0x21 obj/default/spectrum_comm/Peripheral_Interfaces/per_hal.o
 *fill*         0x000000000002ec95        0x3 
 .rodata        0x000000000002ec98        0xf obj/default/terasic_lib/debug.o
 .rodata        0x000000000002eca7      0x100 c:/intelfpga_lite/18.1/nios2eds/bin/gnu/h-x86_64-mingw32/bin/../lib/gcc/nios2-elf/5.3.0/mno-hw-mul\libgcc.a(_clz.o)
                0x000000000002eca7                __clz_tab
 *fill*         0x000000000002eda7        0x1 
 .rodata.str1.4
                0x000000000002eda8        0x4 c:/intelfpga_lite/18.1/nios2eds/bin/gnu/h-x86_64-mingw32/bin/../lib/gcc/nios2-elf/5.3.0/../../../../../H-x86_64-mingw32/nios2-elf/lib/mno-hw-mul\libsmallc.a(lib_a-puts.o)
                                          0x2 (size before relaxing)
 .rodata._ctype_
                0x000000000002edac      0x101 c:/intelfpga_lite/18.1/nios2eds/bin/gnu/h-x86_64-mingw32/bin/../lib/gcc/nios2-elf/5.3.0/../../../../../H-x86_64-mingw32/nios2-elf/lib/mno-hw-mul\libsmallc.a(lib_a-ctype_.o)
                0x000000000002edac                _ctype_
 .rodata._ctype_b
                0x000000000002eead      0x180 c:/intelfpga_lite/18.1/nios2eds/bin/gnu/h-x86_64-mingw32/bin/../lib/gcc/nios2-elf/5.3.0/../../../../../H-x86_64-mingw32/nios2-elf/lib/mno-hw-mul\libsmallc.a(lib_a-ctype_.o)
 *fill*         0x000000000002f02d        0x3 
 .rodata        0x000000000002f030        0xf ../memory_manipulator_bsp/\libhal_bsp.a(alt_main.o)
 *fill*         0x000000000002f03f        0x1 
 .rodata        0x000000000002f040        0xf ../memory_manipulator_bsp/\libhal_bsp.a(alt_sys_init.o)
 *fill*         0x000000000002f04f        0x1 
 .rodata        0x000000000002f050        0xa ../memory_manipulator_bsp/\libhal_bsp.a(alt_dev.o)
 *(.rodata1)
                0x000000000002f05c                . = ALIGN (0x4)
 *fill*         0x000000000002f05a        0x2 
                0x000000000002f05c                PROVIDE (__ram_rodata_end, ABSOLUTE (.))
                0x000000000002dd1c                PROVIDE (__flash_rodata_start, LOADADDR (.rodata))

.rwdata         0x000000000002f05c      0x2f0 load address 0x000000000002f34c
                0x000000000002f05c                PROVIDE (__ram_rwdata_start, ABSOLUTE (.))
                0x000000000002f05c                . = ALIGN (0x4)
 *(.got.plt)
 *(.got)
 *(.data1)
 *(.data .data.* .gnu.linkonce.d.*)
 .data          0x000000000002f05c        0x0 ../memory_manipulator_bsp//obj/HAL/src/crt0.o
 .data          0x000000000002f05c        0x0 obj/default/SD/sd_if.o
 .data          0x000000000002f05c        0x0 obj/default/SD/terasic_fat/FatFileSystem.o
 .data          0x000000000002f05c        0x0 obj/default/SD/terasic_fat/FatInternal.o
 .data          0x000000000002f05c        0x0 obj/default/SD/terasic_sdcard/crc16.o
 .data          0x000000000002f05c        0x0 obj/default/SD/terasic_sdcard/crc7.o
 .data          0x000000000002f05c        0x0 obj/default/SD/terasic_sdcard/sd_hal.o
 .data          0x000000000002f05c        0x0 obj/default/SD/terasic_sdcard/sd_lib.o
 .data          0x000000000002f05c        0x0 obj/default/SD/terasic_sdcard/sd_protocol.o
 .data          0x000000000002f05c        0x0 obj/default/SD/test_sd.o
 .data          0x000000000002f05c        0x0 obj/default/file_format_reader/file_format_aux.o
 .data          0x000000000002f05c        0x0 obj/default/file_format_reader/formats.o
 .data          0x000000000002f05c        0x0 obj/default/main.o
 .data          0x000000000002f05c        0x0 obj/default/spectrum_comm/DMA/dma_hal.o
 .data          0x000000000002f05c        0x0 obj/default/spectrum_comm/Peripheral_Interfaces/per_hal.o
 .data          0x000000000002f05c        0x0 obj/default/terasic_lib/debug.o
 .data          0x000000000002f05c        0x0 c:/intelfpga_lite/18.1/nios2eds/bin/gnu/h-x86_64-mingw32/bin/../lib/gcc/nios2-elf/5.3.0/mno-hw-mul\libgcc.a(lib2-divmod.o)
 .data          0x000000000002f05c        0x0 c:/intelfpga_lite/18.1/nios2eds/bin/gnu/h-x86_64-mingw32/bin/../lib/gcc/nios2-elf/5.3.0/mno-hw-mul\libgcc.a(lib2-mul.o)
 .data          0x000000000002f05c        0x0 c:/intelfpga_lite/18.1/nios2eds/bin/gnu/h-x86_64-mingw32/bin/../lib/gcc/nios2-elf/5.3.0/mno-hw-mul\libgcc.a(divsf3.o)
 .data          0x000000000002f05c        0x0 c:/intelfpga_lite/18.1/nios2eds/bin/gnu/h-x86_64-mingw32/bin/../lib/gcc/nios2-elf/5.3.0/mno-hw-mul\libgcc.a(mulsf3.o)
 .data          0x000000000002f05c        0x0 c:/intelfpga_lite/18.1/nios2eds/bin/gnu/h-x86_64-mingw32/bin/../lib/gcc/nios2-elf/5.3.0/mno-hw-mul\libgcc.a(floatunsisf.o)
 .data          0x000000000002f05c        0x0 c:/intelfpga_lite/18.1/nios2eds/bin/gnu/h-x86_64-mingw32/bin/../lib/gcc/nios2-elf/5.3.0/mno-hw-mul\libgcc.a(divdf3.o)
 .data          0x000000000002f05c        0x0 c:/intelfpga_lite/18.1/nios2eds/bin/gnu/h-x86_64-mingw32/bin/../lib/gcc/nios2-elf/5.3.0/mno-hw-mul\libgcc.a(extendsfdf2.o)
 .data          0x000000000002f05c        0x0 c:/intelfpga_lite/18.1/nios2eds/bin/gnu/h-x86_64-mingw32/bin/../lib/gcc/nios2-elf/5.3.0/mno-hw-mul\libgcc.a(truncdfsf2.o)
 .data          0x000000000002f05c        0x0 c:/intelfpga_lite/18.1/nios2eds/bin/gnu/h-x86_64-mingw32/bin/../lib/gcc/nios2-elf/5.3.0/mno-hw-mul\libgcc.a(_clzsi2.o)
 .data          0x000000000002f05c        0x0 c:/intelfpga_lite/18.1/nios2eds/bin/gnu/h-x86_64-mingw32/bin/../lib/gcc/nios2-elf/5.3.0/mno-hw-mul\libgcc.a(_clz.o)
 .data          0x000000000002f05c        0x0 c:/intelfpga_lite/18.1/nios2eds/bin/gnu/h-x86_64-mingw32/bin/../lib/gcc/nios2-elf/5.3.0/../../../../../H-x86_64-mingw32/nios2-elf/lib/mno-hw-mul\libsmallc.a(lib_a-malloc.o)
 .data          0x000000000002f05c        0x0 c:/intelfpga_lite/18.1/nios2eds/bin/gnu/h-x86_64-mingw32/bin/../lib/gcc/nios2-elf/5.3.0/../../../../../H-x86_64-mingw32/nios2-elf/lib/mno-hw-mul\libsmallc.a(lib_a-memcpy.o)
 .data          0x000000000002f05c        0x0 c:/intelfpga_lite/18.1/nios2eds/bin/gnu/h-x86_64-mingw32/bin/../lib/gcc/nios2-elf/5.3.0/../../../../../H-x86_64-mingw32/nios2-elf/lib/mno-hw-mul\libsmallc.a(lib_a-memset.o)
 .data          0x000000000002f05c        0x0 c:/intelfpga_lite/18.1/nios2eds/bin/gnu/h-x86_64-mingw32/bin/../lib/gcc/nios2-elf/5.3.0/../../../../../H-x86_64-mingw32/nios2-elf/lib/mno-hw-mul\libsmallc.a(lib_a-nano-freer.o)
 .data          0x000000000002f05c        0x0 c:/intelfpga_lite/18.1/nios2eds/bin/gnu/h-x86_64-mingw32/bin/../lib/gcc/nios2-elf/5.3.0/../../../../../H-x86_64-mingw32/nios2-elf/lib/mno-hw-mul\libsmallc.a(lib_a-nano-mallocr.o)
 .data          0x000000000002f05c        0x0 c:/intelfpga_lite/18.1/nios2eds/bin/gnu/h-x86_64-mingw32/bin/../lib/gcc/nios2-elf/5.3.0/../../../../../H-x86_64-mingw32/nios2-elf/lib/mno-hw-mul\libsmallc.a(lib_a-printf.o)
 .data          0x000000000002f05c        0x0 c:/intelfpga_lite/18.1/nios2eds/bin/gnu/h-x86_64-mingw32/bin/../lib/gcc/nios2-elf/5.3.0/../../../../../H-x86_64-mingw32/nios2-elf/lib/mno-hw-mul\libsmallc.a(lib_a-putchar.o)
 .data          0x000000000002f05c        0x0 c:/intelfpga_lite/18.1/nios2eds/bin/gnu/h-x86_64-mingw32/bin/../lib/gcc/nios2-elf/5.3.0/../../../../../H-x86_64-mingw32/nios2-elf/lib/mno-hw-mul\libsmallc.a(lib_a-puts.o)
 .data          0x000000000002f05c        0x0 c:/intelfpga_lite/18.1/nios2eds/bin/gnu/h-x86_64-mingw32/bin/../lib/gcc/nios2-elf/5.3.0/../../../../../H-x86_64-mingw32/nios2-elf/lib/mno-hw-mul\libsmallc.a(lib_a-realloc.o)
 .data          0x000000000002f05c        0x0 c:/intelfpga_lite/18.1/nios2eds/bin/gnu/h-x86_64-mingw32/bin/../lib/gcc/nios2-elf/5.3.0/../../../../../H-x86_64-mingw32/nios2-elf/lib/mno-hw-mul\libsmallc.a(lib_a-sbrkr.o)
 .data          0x000000000002f05c        0x0 c:/intelfpga_lite/18.1/nios2eds/bin/gnu/h-x86_64-mingw32/bin/../lib/gcc/nios2-elf/5.3.0/../../../../../H-x86_64-mingw32/nios2-elf/lib/mno-hw-mul\libsmallc.a(lib_a-snprintf.o)
 .data          0x000000000002f05c        0x0 c:/intelfpga_lite/18.1/nios2eds/bin/gnu/h-x86_64-mingw32/bin/../lib/gcc/nios2-elf/5.3.0/../../../../../H-x86_64-mingw32/nios2-elf/lib/mno-hw-mul\libsmallc.a(lib_a-sprintf.o)
 .data          0x000000000002f05c        0x0 c:/intelfpga_lite/18.1/nios2eds/bin/gnu/h-x86_64-mingw32/bin/../lib/gcc/nios2-elf/5.3.0/../../../../../H-x86_64-mingw32/nios2-elf/lib/mno-hw-mul\libsmallc.a(lib_a-strcasecmp.o)
 .data          0x000000000002f05c        0x0 c:/intelfpga_lite/18.1/nios2eds/bin/gnu/h-x86_64-mingw32/bin/../lib/gcc/nios2-elf/5.3.0/../../../../../H-x86_64-mingw32/nios2-elf/lib/mno-hw-mul\libsmallc.a(lib_a-strlen.o)
 .data          0x000000000002f05c        0x0 c:/intelfpga_lite/18.1/nios2eds/bin/gnu/h-x86_64-mingw32/bin/../lib/gcc/nios2-elf/5.3.0/../../../../../H-x86_64-mingw32/nios2-elf/lib/mno-hw-mul\libsmallc.a(lib_a-strncmp.o)
 .data          0x000000000002f05c        0x0 c:/intelfpga_lite/18.1/nios2eds/bin/gnu/h-x86_64-mingw32/bin/../lib/gcc/nios2-elf/5.3.0/../../../../../H-x86_64-mingw32/nios2-elf/lib/mno-hw-mul\libsmallc.a(lib_a-strncpy.o)
 .data          0x000000000002f05c        0x0 c:/intelfpga_lite/18.1/nios2eds/bin/gnu/h-x86_64-mingw32/bin/../lib/gcc/nios2-elf/5.3.0/../../../../../H-x86_64-mingw32/nios2-elf/lib/mno-hw-mul\libsmallc.a(lib_a-svfprintf.o)
 .data          0x000000000002f05c        0x0 c:/intelfpga_lite/18.1/nios2eds/bin/gnu/h-x86_64-mingw32/bin/../lib/gcc/nios2-elf/5.3.0/../../../../../H-x86_64-mingw32/nios2-elf/lib/mno-hw-mul\libsmallc.a(lib_a-tolower.o)
 .data          0x000000000002f05c        0x0 c:/intelfpga_lite/18.1/nios2eds/bin/gnu/h-x86_64-mingw32/bin/../lib/gcc/nios2-elf/5.3.0/../../../../../H-x86_64-mingw32/nios2-elf/lib/mno-hw-mul\libsmallc.a(lib_a-vfprintf.o)
 .data          0x000000000002f05c        0x0 c:/intelfpga_lite/18.1/nios2eds/bin/gnu/h-x86_64-mingw32/bin/../lib/gcc/nios2-elf/5.3.0/../../../../../H-x86_64-mingw32/nios2-elf/lib/mno-hw-mul\libsmallc.a(lib_a-vsnprintf.o)
 .data          0x000000000002f05c        0x0 c:/intelfpga_lite/18.1/nios2eds/bin/gnu/h-x86_64-mingw32/bin/../lib/gcc/nios2-elf/5.3.0/../../../../../H-x86_64-mingw32/nios2-elf/lib/mno-hw-mul\libsmallc.a(lib_a-ctype_.o)
 .data          0x000000000002f05c        0x0 c:/intelfpga_lite/18.1/nios2eds/bin/gnu/h-x86_64-mingw32/bin/../lib/gcc/nios2-elf/5.3.0/../../../../../H-x86_64-mingw32/nios2-elf/lib/mno-hw-mul\libsmallc.a(lib_a-fvwrite_small_dev.o)
 .data          0x000000000002f05c        0x0 c:/intelfpga_lite/18.1/nios2eds/bin/gnu/h-x86_64-mingw32/bin/../lib/gcc/nios2-elf/5.3.0/../../../../../H-x86_64-mingw32/nios2-elf/lib/mno-hw-mul\libsmallc.a(lib_a-fvwrite_small_str.o)
 .data          0x000000000002f05c        0x0 c:/intelfpga_lite/18.1/nios2eds/bin/gnu/h-x86_64-mingw32/bin/../lib/gcc/nios2-elf/5.3.0/../../../../../H-x86_64-mingw32/nios2-elf/lib/mno-hw-mul\libsmallc.a(lib_a-impure.o)
 .data.impure_data
                0x000000000002f05c       0xe0 c:/intelfpga_lite/18.1/nios2eds/bin/gnu/h-x86_64-mingw32/bin/../lib/gcc/nios2-elf/5.3.0/../../../../../H-x86_64-mingw32/nios2-elf/lib/mno-hw-mul\libsmallc.a(lib_a-impure.o)
 .data          0x000000000002f13c        0x0 c:/intelfpga_lite/18.1/nios2eds/bin/gnu/h-x86_64-mingw32/bin/../lib/gcc/nios2-elf/5.3.0/../../../../../H-x86_64-mingw32/nios2-elf/lib/mno-hw-mul\libsmallc.a(lib_a-int_errno.o)
 .data          0x000000000002f13c        0x0 c:/intelfpga_lite/18.1/nios2eds/bin/gnu/h-x86_64-mingw32/bin/../lib/gcc/nios2-elf/5.3.0/../../../../../H-x86_64-mingw32/nios2-elf/lib/mno-hw-mul\libsmallc.a(lib_a-memmove.o)
 .data          0x000000000002f13c        0x0 c:/intelfpga_lite/18.1/nios2eds/bin/gnu/h-x86_64-mingw32/bin/../lib/gcc/nios2-elf/5.3.0/../../../../../H-x86_64-mingw32/nios2-elf/lib/mno-hw-mul\libsmallc.a(lib_a-nano-reallocr.o)
 .data          0x000000000002f13c        0x0 c:/intelfpga_lite/18.1/nios2eds/bin/gnu/h-x86_64-mingw32/bin/../lib/gcc/nios2-elf/5.3.0/../../../../../H-x86_64-mingw32/nios2-elf/lib/mno-hw-mul\libsmallc.a(lib_a-putc.o)
 .data          0x000000000002f13c        0x0 c:/intelfpga_lite/18.1/nios2eds/bin/gnu/h-x86_64-mingw32/bin/../lib/gcc/nios2-elf/5.3.0/../../../../../H-x86_64-mingw32/nios2-elf/lib/mno-hw-mul\libsmallc.a(lib_a-writer.o)
 .data          0x000000000002f13c        0x0 c:/intelfpga_lite/18.1/nios2eds/bin/gnu/h-x86_64-mingw32/bin/../lib/gcc/nios2-elf/5.3.0/../../../../../H-x86_64-mingw32/nios2-elf/lib/mno-hw-mul\libsmallc.a(lib_a-nano-msizer.o)
 .data          0x000000000002f13c        0x0 ../memory_manipulator_bsp/\libhal_bsp.a(alt_load.o)
 .data          0x000000000002f13c        0x0 ../memory_manipulator_bsp/\libhal_bsp.a(alt_main.o)
 .data          0x000000000002f13c        0x0 ../memory_manipulator_bsp/\libhal_bsp.a(alt_sbrk.o)
 .data          0x000000000002f13c        0x0 ../memory_manipulator_bsp/\libhal_bsp.a(alt_tick.o)
 .data          0x000000000002f13c        0x0 ../memory_manipulator_bsp/\libhal_bsp.a(alt_usleep.o)
 .data          0x000000000002f13c        0x0 ../memory_manipulator_bsp/\libhal_bsp.a(alt_write.o)
 .data          0x000000000002f13c       0x2c ../memory_manipulator_bsp/\libhal_bsp.a(alt_sys_init.o)
 .data          0x000000000002f168        0x0 ../memory_manipulator_bsp/\libhal_bsp.a(altera_avalon_jtag_uart_fd.o)
 .data          0x000000000002f168        0x0 ../memory_manipulator_bsp/\libhal_bsp.a(altera_avalon_jtag_uart_read.o)
 .data          0x000000000002f168        0x0 ../memory_manipulator_bsp/\libhal_bsp.a(altera_avalon_jtag_uart_write.o)
 .data          0x000000000002f168        0x0 ../memory_manipulator_bsp/\libhal_bsp.a(altera_avalon_timer_sc.o)
 .data          0x000000000002f168        0x0 ../memory_manipulator_bsp/\libhal_bsp.a(alt_busy_sleep.o)
 .data          0x000000000002f168        0x0 ../memory_manipulator_bsp/\libhal_bsp.a(alt_close.o)
 .data          0x000000000002f168        0x0 ../memory_manipulator_bsp/\libhal_bsp.a(alt_dcache_flush_all.o)
 .data          0x000000000002f168      0x1a8 ../memory_manipulator_bsp/\libhal_bsp.a(alt_dev.o)
                0x000000000002f168                alt_dev_null
                0x000000000002f190                alt_fd_list
 .data          0x000000000002f310        0x0 ../memory_manipulator_bsp/\libhal_bsp.a(alt_dev_llist_insert.o)
 .data          0x000000000002f310        0x0 ../memory_manipulator_bsp/\libhal_bsp.a(alt_errno.o)
 .data          0x000000000002f310        0x0 ../memory_manipulator_bsp/\libhal_bsp.a(alt_icache_flush_all.o)
 .data          0x000000000002f310        0x0 ../memory_manipulator_bsp/\libhal_bsp.a(alt_iic.o)
 .data          0x000000000002f310        0x0 ../memory_manipulator_bsp/\libhal_bsp.a(alt_iic_isr_register.o)
 .data          0x000000000002f310        0x0 ../memory_manipulator_bsp/\libhal_bsp.a(alt_io_redirect.o)
 .data          0x000000000002f310        0x0 ../memory_manipulator_bsp/\libhal_bsp.a(alt_irq_entry.o)
 .data          0x000000000002f310        0x0 ../memory_manipulator_bsp/\libhal_bsp.a(alt_irq_handler.o)
 .data          0x000000000002f310        0x0 ../memory_manipulator_bsp/\libhal_bsp.a(alt_irq_vars.o)
 .data          0x000000000002f310        0x0 ../memory_manipulator_bsp/\libhal_bsp.a(alt_open.o)
 .data          0x000000000002f310        0x0 ../memory_manipulator_bsp/\libhal_bsp.a(alt_release_fd.o)
 .data          0x000000000002f310        0x0 ../memory_manipulator_bsp/\libhal_bsp.a(altera_nios2_gen2_irq.o)
 .data          0x000000000002f310        0x0 ../memory_manipulator_bsp/\libhal_bsp.a(alt_exception_entry.o)
 .data          0x000000000002f310        0x0 ../memory_manipulator_bsp/\libhal_bsp.a(alt_find_dev.o)
 .data          0x000000000002f310        0x0 ../memory_manipulator_bsp/\libhal_bsp.a(alt_find_file.o)
 .data          0x000000000002f310        0x0 ../memory_manipulator_bsp/\libhal_bsp.a(alt_get_fd.o)
 .data          0x000000000002f310        0x0 ../memory_manipulator_bsp/\libhal_bsp.a(alt_instruction_exception_entry.o)
 .data          0x000000000002f310        0x0 c:/intelfpga_lite/18.1/nios2eds/bin/gnu/h-x86_64-mingw32/bin/../lib/gcc/nios2-elf/5.3.0/../../../../../H-x86_64-mingw32/nios2-elf/lib/mno-hw-mul\libsmallc.a(lib_a-exit.o)
 .data          0x000000000002f310        0x0 c:/intelfpga_lite/18.1/nios2eds/bin/gnu/h-x86_64-mingw32/bin/../lib/gcc/nios2-elf/5.3.0/../../../../../H-x86_64-mingw32/nios2-elf/lib/mno-hw-mul\libsmallc.a(lib_a-memcmp.o)
 .data          0x000000000002f310        0x0 c:/intelfpga_lite/18.1/nios2eds/bin/gnu/h-x86_64-mingw32/bin/../lib/gcc/nios2-elf/5.3.0/../../../../../H-x86_64-mingw32/nios2-elf/lib/mno-hw-mul\libsmallc.a(lib_a-__call_atexit.o)
 .data          0x000000000002f310        0x0 ../memory_manipulator_bsp/\libhal_bsp.a(alt_exit.o)
                0x0000000000037310                _gp = ABSOLUTE ((. + 0x8000))
                [!provide]                        PROVIDE (gp, _gp)
 *(.rwdata .rwdata.*)
 *(.sdata .sdata.* .gnu.linkonce.s.*)
 .sdata         0x000000000002f310        0x8 obj/default/SD/sd_if.o
                0x000000000002f310                SUPPORTED_EXTENSIONS
 .sdata.__ctype_ptr__
                0x000000000002f318        0x4 c:/intelfpga_lite/18.1/nios2eds/bin/gnu/h-x86_64-mingw32/bin/../lib/gcc/nios2-elf/5.3.0/../../../../../H-x86_64-mingw32/nios2-elf/lib/mno-hw-mul\libsmallc.a(lib_a-ctype_.o)
                0x000000000002f318                __ctype_ptr__
 .sdata._global_impure_ptr
                0x000000000002f31c        0x4 c:/intelfpga_lite/18.1/nios2eds/bin/gnu/h-x86_64-mingw32/bin/../lib/gcc/nios2-elf/5.3.0/../../../../../H-x86_64-mingw32/nios2-elf/lib/mno-hw-mul\libsmallc.a(lib_a-impure.o)
                0x000000000002f31c                _global_impure_ptr
 .sdata._impure_ptr
                0x000000000002f320        0x4 c:/intelfpga_lite/18.1/nios2eds/bin/gnu/h-x86_64-mingw32/bin/../lib/gcc/nios2-elf/5.3.0/../../../../../H-x86_64-mingw32/nios2-elf/lib/mno-hw-mul\libsmallc.a(lib_a-impure.o)
                0x000000000002f320                _impure_ptr
 .sdata         0x000000000002f324        0x4 ../memory_manipulator_bsp/\libhal_bsp.a(alt_sbrk.o)
 .sdata         0x000000000002f328        0x8 ../memory_manipulator_bsp/\libhal_bsp.a(alt_tick.o)
                0x000000000002f328                alt_alarm_list
 .sdata         0x000000000002f330       0x14 ../memory_manipulator_bsp/\libhal_bsp.a(alt_dev.o)
                0x000000000002f330                alt_fs_list
                0x000000000002f338                alt_dev_list
                0x000000000002f340                alt_max_fd
 .sdata         0x000000000002f344        0x4 ../memory_manipulator_bsp/\libhal_bsp.a(alt_errno.o)
                0x000000000002f344                alt_errno
 .sdata         0x000000000002f348        0x4 ../memory_manipulator_bsp/\libhal_bsp.a(alt_irq_vars.o)
                0x000000000002f348                alt_priority_mask
 *(.sdata2 .sdata2.* .gnu.linkonce.s2.*)
                0x000000000002f34c                . = ALIGN (0x4)
                0x000000000002f34c                _edata = ABSOLUTE (.)
                [!provide]                        PROVIDE (edata, ABSOLUTE (.))
                0x000000000002f34c                PROVIDE (__ram_rwdata_end, ABSOLUTE (.))
                0x000000000002f34c                PROVIDE (__flash_rwdata_start, LOADADDR (.rwdata))

.bss            0x000000000002f63c      0x174
                0x000000000002f63c                __bss_start = ABSOLUTE (.)
                [!provide]                        PROVIDE (__sbss_start, ABSOLUTE (.))
                [!provide]                        PROVIDE (___sbss_start, ABSOLUTE (.))
 *(.dynsbss)
 *(.sbss .sbss.* .gnu.linkonce.sb.*)
 .sbss          0x000000000002f63c        0x8 obj/default/file_format_reader/formats.o
                0x000000000002f63c                state
                0x000000000002f640                zero_detected
 .sbss          0x000000000002f644        0x1 obj/default/file_format_reader/formats.o
                0x000000000002f644                xx
 *fill*         0x000000000002f645        0x3 
 .sbss          0x000000000002f648        0x8 obj/default/spectrum_comm/DMA/dma_hal.o
                0x000000000002f648                ctrl_bus_state
                0x000000000002f64c                DMA_state
 .sbss.__malloc_sbrk_start
                0x000000000002f650        0x4 c:/intelfpga_lite/18.1/nios2eds/bin/gnu/h-x86_64-mingw32/bin/../lib/gcc/nios2-elf/5.3.0/../../../../../H-x86_64-mingw32/nios2-elf/lib/mno-hw-mul\libsmallc.a(lib_a-nano-mallocr.o)
                0x000000000002f650                __malloc_sbrk_start
 .sbss.__malloc_free_list
                0x000000000002f654        0x4 c:/intelfpga_lite/18.1/nios2eds/bin/gnu/h-x86_64-mingw32/bin/../lib/gcc/nios2-elf/5.3.0/../../../../../H-x86_64-mingw32/nios2-elf/lib/mno-hw-mul\libsmallc.a(lib_a-nano-mallocr.o)
                0x000000000002f654                __malloc_free_list
 .sbss          0x000000000002f658        0x4 c:/intelfpga_lite/18.1/nios2eds/bin/gnu/h-x86_64-mingw32/bin/../lib/gcc/nios2-elf/5.3.0/../../../../../H-x86_64-mingw32/nios2-elf/lib/mno-hw-mul\libsmallc.a(lib_a-int_errno.o)
                0x000000000002f658                errno
 .sbss          0x000000000002f65c        0xc ../memory_manipulator_bsp/\libhal_bsp.a(alt_main.o)
                0x000000000002f65c                alt_argc
                0x000000000002f660                alt_argv
                0x000000000002f664                alt_envp
 .sbss          0x000000000002f668        0x8 ../memory_manipulator_bsp/\libhal_bsp.a(alt_tick.o)
                0x000000000002f668                _alt_tick_rate
                0x000000000002f66c                _alt_nticks
 .sbss          0x000000000002f670        0x4 ../memory_manipulator_bsp/\libhal_bsp.a(alt_irq_vars.o)
                0x000000000002f670                alt_irq_active
 .sbss          0x000000000002f674        0x4 ../memory_manipulator_bsp/\libhal_bsp.a(alt_instruction_exception_entry.o)
                0x000000000002f674                alt_instruction_exception_handler
 *(.sbss2 .sbss2.* .gnu.linkonce.sb2.*)
 *(.scommon)
                [!provide]                        PROVIDE (__sbss_end, ABSOLUTE (.))
                [!provide]                        PROVIDE (___sbss_end, ABSOLUTE (.))
 *(.dynbss)
 *(.bss .bss.* .gnu.linkonce.b.*)
 .bss           0x000000000002f678        0x0 ../memory_manipulator_bsp//obj/HAL/src/crt0.o
 .bss           0x000000000002f678        0x0 obj/default/SD/sd_if.o
 .bss           0x000000000002f678        0x0 obj/default/SD/terasic_fat/FatFileSystem.o
 .bss           0x000000000002f678        0x0 obj/default/SD/terasic_fat/FatInternal.o
 .bss           0x000000000002f678        0x0 obj/default/SD/terasic_sdcard/crc16.o
 .bss           0x000000000002f678        0x0 obj/default/SD/terasic_sdcard/crc7.o
 .bss           0x000000000002f678        0x0 obj/default/SD/terasic_sdcard/sd_hal.o
 .bss           0x000000000002f678       0x38 obj/default/SD/terasic_sdcard/sd_lib.o
 .bss           0x000000000002f6b0        0x0 obj/default/SD/terasic_sdcard/sd_protocol.o
 .bss           0x000000000002f6b0        0x0 obj/default/SD/test_sd.o
 .bss           0x000000000002f6b0        0x0 obj/default/file_format_reader/file_format_aux.o
 .bss           0x000000000002f6b0        0x0 obj/default/file_format_reader/formats.o
 .bss           0x000000000002f6b0        0x0 obj/default/main.o
 .bss           0x000000000002f6b0        0x0 obj/default/spectrum_comm/DMA/dma_hal.o
 .bss           0x000000000002f6b0        0x0 obj/default/spectrum_comm/Peripheral_Interfaces/per_hal.o
 .bss           0x000000000002f6b0        0x0 obj/default/terasic_lib/debug.o
 .bss           0x000000000002f6b0        0x0 c:/intelfpga_lite/18.1/nios2eds/bin/gnu/h-x86_64-mingw32/bin/../lib/gcc/nios2-elf/5.3.0/mno-hw-mul\libgcc.a(lib2-divmod.o)
 .bss           0x000000000002f6b0        0x0 c:/intelfpga_lite/18.1/nios2eds/bin/gnu/h-x86_64-mingw32/bin/../lib/gcc/nios2-elf/5.3.0/mno-hw-mul\libgcc.a(lib2-mul.o)
 .bss           0x000000000002f6b0        0x0 c:/intelfpga_lite/18.1/nios2eds/bin/gnu/h-x86_64-mingw32/bin/../lib/gcc/nios2-elf/5.3.0/mno-hw-mul\libgcc.a(divsf3.o)
 .bss           0x000000000002f6b0        0x0 c:/intelfpga_lite/18.1/nios2eds/bin/gnu/h-x86_64-mingw32/bin/../lib/gcc/nios2-elf/5.3.0/mno-hw-mul\libgcc.a(mulsf3.o)
 .bss           0x000000000002f6b0        0x0 c:/intelfpga_lite/18.1/nios2eds/bin/gnu/h-x86_64-mingw32/bin/../lib/gcc/nios2-elf/5.3.0/mno-hw-mul\libgcc.a(floatunsisf.o)
 .bss           0x000000000002f6b0        0x0 c:/intelfpga_lite/18.1/nios2eds/bin/gnu/h-x86_64-mingw32/bin/../lib/gcc/nios2-elf/5.3.0/mno-hw-mul\libgcc.a(divdf3.o)
 .bss           0x000000000002f6b0        0x0 c:/intelfpga_lite/18.1/nios2eds/bin/gnu/h-x86_64-mingw32/bin/../lib/gcc/nios2-elf/5.3.0/mno-hw-mul\libgcc.a(extendsfdf2.o)
 .bss           0x000000000002f6b0        0x0 c:/intelfpga_lite/18.1/nios2eds/bin/gnu/h-x86_64-mingw32/bin/../lib/gcc/nios2-elf/5.3.0/mno-hw-mul\libgcc.a(truncdfsf2.o)
 .bss           0x000000000002f6b0        0x0 c:/intelfpga_lite/18.1/nios2eds/bin/gnu/h-x86_64-mingw32/bin/../lib/gcc/nios2-elf/5.3.0/mno-hw-mul\libgcc.a(_clzsi2.o)
 .bss           0x000000000002f6b0        0x0 c:/intelfpga_lite/18.1/nios2eds/bin/gnu/h-x86_64-mingw32/bin/../lib/gcc/nios2-elf/5.3.0/mno-hw-mul\libgcc.a(_clz.o)
 .bss           0x000000000002f6b0        0x0 c:/intelfpga_lite/18.1/nios2eds/bin/gnu/h-x86_64-mingw32/bin/../lib/gcc/nios2-elf/5.3.0/../../../../../H-x86_64-mingw32/nios2-elf/lib/mno-hw-mul\libsmallc.a(lib_a-malloc.o)
 .bss           0x000000000002f6b0        0x0 c:/intelfpga_lite/18.1/nios2eds/bin/gnu/h-x86_64-mingw32/bin/../lib/gcc/nios2-elf/5.3.0/../../../../../H-x86_64-mingw32/nios2-elf/lib/mno-hw-mul\libsmallc.a(lib_a-memcpy.o)
 .bss           0x000000000002f6b0        0x0 c:/intelfpga_lite/18.1/nios2eds/bin/gnu/h-x86_64-mingw32/bin/../lib/gcc/nios2-elf/5.3.0/../../../../../H-x86_64-mingw32/nios2-elf/lib/mno-hw-mul\libsmallc.a(lib_a-memset.o)
 .bss           0x000000000002f6b0        0x0 c:/intelfpga_lite/18.1/nios2eds/bin/gnu/h-x86_64-mingw32/bin/../lib/gcc/nios2-elf/5.3.0/../../../../../H-x86_64-mingw32/nios2-elf/lib/mno-hw-mul\libsmallc.a(lib_a-nano-freer.o)
 .bss           0x000000000002f6b0        0x0 c:/intelfpga_lite/18.1/nios2eds/bin/gnu/h-x86_64-mingw32/bin/../lib/gcc/nios2-elf/5.3.0/../../../../../H-x86_64-mingw32/nios2-elf/lib/mno-hw-mul\libsmallc.a(lib_a-nano-mallocr.o)
 .bss           0x000000000002f6b0        0x0 c:/intelfpga_lite/18.1/nios2eds/bin/gnu/h-x86_64-mingw32/bin/../lib/gcc/nios2-elf/5.3.0/../../../../../H-x86_64-mingw32/nios2-elf/lib/mno-hw-mul\libsmallc.a(lib_a-printf.o)
 .bss           0x000000000002f6b0        0x0 c:/intelfpga_lite/18.1/nios2eds/bin/gnu/h-x86_64-mingw32/bin/../lib/gcc/nios2-elf/5.3.0/../../../../../H-x86_64-mingw32/nios2-elf/lib/mno-hw-mul\libsmallc.a(lib_a-putchar.o)
 .bss           0x000000000002f6b0        0x0 c:/intelfpga_lite/18.1/nios2eds/bin/gnu/h-x86_64-mingw32/bin/../lib/gcc/nios2-elf/5.3.0/../../../../../H-x86_64-mingw32/nios2-elf/lib/mno-hw-mul\libsmallc.a(lib_a-puts.o)
 .bss           0x000000000002f6b0        0x0 c:/intelfpga_lite/18.1/nios2eds/bin/gnu/h-x86_64-mingw32/bin/../lib/gcc/nios2-elf/5.3.0/../../../../../H-x86_64-mingw32/nios2-elf/lib/mno-hw-mul\libsmallc.a(lib_a-realloc.o)
 .bss           0x000000000002f6b0        0x0 c:/intelfpga_lite/18.1/nios2eds/bin/gnu/h-x86_64-mingw32/bin/../lib/gcc/nios2-elf/5.3.0/../../../../../H-x86_64-mingw32/nios2-elf/lib/mno-hw-mul\libsmallc.a(lib_a-sbrkr.o)
 .bss           0x000000000002f6b0        0x0 c:/intelfpga_lite/18.1/nios2eds/bin/gnu/h-x86_64-mingw32/bin/../lib/gcc/nios2-elf/5.3.0/../../../../../H-x86_64-mingw32/nios2-elf/lib/mno-hw-mul\libsmallc.a(lib_a-snprintf.o)
 .bss           0x000000000002f6b0        0x0 c:/intelfpga_lite/18.1/nios2eds/bin/gnu/h-x86_64-mingw32/bin/../lib/gcc/nios2-elf/5.3.0/../../../../../H-x86_64-mingw32/nios2-elf/lib/mno-hw-mul\libsmallc.a(lib_a-sprintf.o)
 .bss           0x000000000002f6b0        0x0 c:/intelfpga_lite/18.1/nios2eds/bin/gnu/h-x86_64-mingw32/bin/../lib/gcc/nios2-elf/5.3.0/../../../../../H-x86_64-mingw32/nios2-elf/lib/mno-hw-mul\libsmallc.a(lib_a-strcasecmp.o)
 .bss           0x000000000002f6b0        0x0 c:/intelfpga_lite/18.1/nios2eds/bin/gnu/h-x86_64-mingw32/bin/../lib/gcc/nios2-elf/5.3.0/../../../../../H-x86_64-mingw32/nios2-elf/lib/mno-hw-mul\libsmallc.a(lib_a-strlen.o)
 .bss           0x000000000002f6b0        0x0 c:/intelfpga_lite/18.1/nios2eds/bin/gnu/h-x86_64-mingw32/bin/../lib/gcc/nios2-elf/5.3.0/../../../../../H-x86_64-mingw32/nios2-elf/lib/mno-hw-mul\libsmallc.a(lib_a-strncmp.o)
 .bss           0x000000000002f6b0        0x0 c:/intelfpga_lite/18.1/nios2eds/bin/gnu/h-x86_64-mingw32/bin/../lib/gcc/nios2-elf/5.3.0/../../../../../H-x86_64-mingw32/nios2-elf/lib/mno-hw-mul\libsmallc.a(lib_a-strncpy.o)
 .bss           0x000000000002f6b0        0x0 c:/intelfpga_lite/18.1/nios2eds/bin/gnu/h-x86_64-mingw32/bin/../lib/gcc/nios2-elf/5.3.0/../../../../../H-x86_64-mingw32/nios2-elf/lib/mno-hw-mul\libsmallc.a(lib_a-svfprintf.o)
 .bss           0x000000000002f6b0        0x0 c:/intelfpga_lite/18.1/nios2eds/bin/gnu/h-x86_64-mingw32/bin/../lib/gcc/nios2-elf/5.3.0/../../../../../H-x86_64-mingw32/nios2-elf/lib/mno-hw-mul\libsmallc.a(lib_a-tolower.o)
 .bss           0x000000000002f6b0        0x0 c:/intelfpga_lite/18.1/nios2eds/bin/gnu/h-x86_64-mingw32/bin/../lib/gcc/nios2-elf/5.3.0/../../../../../H-x86_64-mingw32/nios2-elf/lib/mno-hw-mul\libsmallc.a(lib_a-vfprintf.o)
 .bss           0x000000000002f6b0        0x0 c:/intelfpga_lite/18.1/nios2eds/bin/gnu/h-x86_64-mingw32/bin/../lib/gcc/nios2-elf/5.3.0/../../../../../H-x86_64-mingw32/nios2-elf/lib/mno-hw-mul\libsmallc.a(lib_a-vsnprintf.o)
 .bss           0x000000000002f6b0        0x0 c:/intelfpga_lite/18.1/nios2eds/bin/gnu/h-x86_64-mingw32/bin/../lib/gcc/nios2-elf/5.3.0/../../../../../H-x86_64-mingw32/nios2-elf/lib/mno-hw-mul\libsmallc.a(lib_a-ctype_.o)
 .bss           0x000000000002f6b0        0x0 c:/intelfpga_lite/18.1/nios2eds/bin/gnu/h-x86_64-mingw32/bin/../lib/gcc/nios2-elf/5.3.0/../../../../../H-x86_64-mingw32/nios2-elf/lib/mno-hw-mul\libsmallc.a(lib_a-fvwrite_small_dev.o)
 .bss           0x000000000002f6b0        0x0 c:/intelfpga_lite/18.1/nios2eds/bin/gnu/h-x86_64-mingw32/bin/../lib/gcc/nios2-elf/5.3.0/../../../../../H-x86_64-mingw32/nios2-elf/lib/mno-hw-mul\libsmallc.a(lib_a-fvwrite_small_str.o)
 .bss           0x000000000002f6b0        0x0 c:/intelfpga_lite/18.1/nios2eds/bin/gnu/h-x86_64-mingw32/bin/../lib/gcc/nios2-elf/5.3.0/../../../../../H-x86_64-mingw32/nios2-elf/lib/mno-hw-mul\libsmallc.a(lib_a-impure.o)
 .bss           0x000000000002f6b0        0x0 c:/intelfpga_lite/18.1/nios2eds/bin/gnu/h-x86_64-mingw32/bin/../lib/gcc/nios2-elf/5.3.0/../../../../../H-x86_64-mingw32/nios2-elf/lib/mno-hw-mul\libsmallc.a(lib_a-int_errno.o)
 .bss           0x000000000002f6b0        0x0 c:/intelfpga_lite/18.1/nios2eds/bin/gnu/h-x86_64-mingw32/bin/../lib/gcc/nios2-elf/5.3.0/../../../../../H-x86_64-mingw32/nios2-elf/lib/mno-hw-mul\libsmallc.a(lib_a-memmove.o)
 .bss           0x000000000002f6b0        0x0 c:/intelfpga_lite/18.1/nios2eds/bin/gnu/h-x86_64-mingw32/bin/../lib/gcc/nios2-elf/5.3.0/../../../../../H-x86_64-mingw32/nios2-elf/lib/mno-hw-mul\libsmallc.a(lib_a-nano-reallocr.o)
 .bss           0x000000000002f6b0        0x0 c:/intelfpga_lite/18.1/nios2eds/bin/gnu/h-x86_64-mingw32/bin/../lib/gcc/nios2-elf/5.3.0/../../../../../H-x86_64-mingw32/nios2-elf/lib/mno-hw-mul\libsmallc.a(lib_a-putc.o)
 .bss           0x000000000002f6b0        0x0 c:/intelfpga_lite/18.1/nios2eds/bin/gnu/h-x86_64-mingw32/bin/../lib/gcc/nios2-elf/5.3.0/../../../../../H-x86_64-mingw32/nios2-elf/lib/mno-hw-mul\libsmallc.a(lib_a-writer.o)
 .bss           0x000000000002f6b0        0x0 c:/intelfpga_lite/18.1/nios2eds/bin/gnu/h-x86_64-mingw32/bin/../lib/gcc/nios2-elf/5.3.0/../../../../../H-x86_64-mingw32/nios2-elf/lib/mno-hw-mul\libsmallc.a(lib_a-nano-msizer.o)
 .bss           0x000000000002f6b0        0x0 ../memory_manipulator_bsp/\libhal_bsp.a(alt_load.o)
 .bss           0x000000000002f6b0        0x0 ../memory_manipulator_bsp/\libhal_bsp.a(alt_main.o)
 .bss           0x000000000002f6b0        0x0 ../memory_manipulator_bsp/\libhal_bsp.a(alt_sbrk.o)
 .bss           0x000000000002f6b0        0x0 ../memory_manipulator_bsp/\libhal_bsp.a(alt_tick.o)
 .bss           0x000000000002f6b0        0x0 ../memory_manipulator_bsp/\libhal_bsp.a(alt_usleep.o)
 .bss           0x000000000002f6b0        0x0 ../memory_manipulator_bsp/\libhal_bsp.a(alt_write.o)
 .bss           0x000000000002f6b0        0x0 ../memory_manipulator_bsp/\libhal_bsp.a(alt_sys_init.o)
 .bss           0x000000000002f6b0        0x0 ../memory_manipulator_bsp/\libhal_bsp.a(altera_avalon_jtag_uart_fd.o)
 .bss           0x000000000002f6b0        0x0 ../memory_manipulator_bsp/\libhal_bsp.a(altera_avalon_jtag_uart_read.o)
 .bss           0x000000000002f6b0        0x0 ../memory_manipulator_bsp/\libhal_bsp.a(altera_avalon_jtag_uart_write.o)
 .bss           0x000000000002f6b0        0x0 ../memory_manipulator_bsp/\libhal_bsp.a(altera_avalon_timer_sc.o)
 .bss           0x000000000002f6b0        0x0 ../memory_manipulator_bsp/\libhal_bsp.a(alt_busy_sleep.o)
 .bss           0x000000000002f6b0        0x0 ../memory_manipulator_bsp/\libhal_bsp.a(alt_close.o)
 .bss           0x000000000002f6b0        0x0 ../memory_manipulator_bsp/\libhal_bsp.a(alt_dcache_flush_all.o)
 .bss           0x000000000002f6b0        0x0 ../memory_manipulator_bsp/\libhal_bsp.a(alt_dev.o)
 .bss           0x000000000002f6b0        0x0 ../memory_manipulator_bsp/\libhal_bsp.a(alt_dev_llist_insert.o)
 .bss           0x000000000002f6b0        0x0 ../memory_manipulator_bsp/\libhal_bsp.a(alt_errno.o)
 .bss           0x000000000002f6b0        0x0 ../memory_manipulator_bsp/\libhal_bsp.a(alt_icache_flush_all.o)
 .bss           0x000000000002f6b0        0x0 ../memory_manipulator_bsp/\libhal_bsp.a(alt_iic.o)
 .bss           0x000000000002f6b0        0x0 ../memory_manipulator_bsp/\libhal_bsp.a(alt_iic_isr_register.o)
 .bss           0x000000000002f6b0        0x0 ../memory_manipulator_bsp/\libhal_bsp.a(alt_io_redirect.o)
 .bss           0x000000000002f6b0        0x0 ../memory_manipulator_bsp/\libhal_bsp.a(alt_irq_entry.o)
 .bss           0x000000000002f6b0        0x0 ../memory_manipulator_bsp/\libhal_bsp.a(alt_irq_handler.o)
 .bss           0x000000000002f6b0        0x0 ../memory_manipulator_bsp/\libhal_bsp.a(alt_irq_vars.o)
 .bss           0x000000000002f6b0        0x0 ../memory_manipulator_bsp/\libhal_bsp.a(alt_open.o)
 .bss           0x000000000002f6b0        0x0 ../memory_manipulator_bsp/\libhal_bsp.a(alt_release_fd.o)
 .bss           0x000000000002f6b0        0x0 ../memory_manipulator_bsp/\libhal_bsp.a(altera_nios2_gen2_irq.o)
 .bss           0x000000000002f6b0        0x0 ../memory_manipulator_bsp/\libhal_bsp.a(alt_exception_entry.o)
 .bss           0x000000000002f6b0        0x0 ../memory_manipulator_bsp/\libhal_bsp.a(alt_find_dev.o)
 .bss           0x000000000002f6b0        0x0 ../memory_manipulator_bsp/\libhal_bsp.a(alt_find_file.o)
 .bss           0x000000000002f6b0        0x0 ../memory_manipulator_bsp/\libhal_bsp.a(alt_get_fd.o)
 .bss           0x000000000002f6b0        0x0 ../memory_manipulator_bsp/\libhal_bsp.a(alt_instruction_exception_entry.o)
 .bss           0x000000000002f6b0        0x0 c:/intelfpga_lite/18.1/nios2eds/bin/gnu/h-x86_64-mingw32/bin/../lib/gcc/nios2-elf/5.3.0/../../../../../H-x86_64-mingw32/nios2-elf/lib/mno-hw-mul\libsmallc.a(lib_a-exit.o)
 .bss           0x000000000002f6b0        0x0 c:/intelfpga_lite/18.1/nios2eds/bin/gnu/h-x86_64-mingw32/bin/../lib/gcc/nios2-elf/5.3.0/../../../../../H-x86_64-mingw32/nios2-elf/lib/mno-hw-mul\libsmallc.a(lib_a-memcmp.o)
 .bss           0x000000000002f6b0        0x0 c:/intelfpga_lite/18.1/nios2eds/bin/gnu/h-x86_64-mingw32/bin/../lib/gcc/nios2-elf/5.3.0/../../../../../H-x86_64-mingw32/nios2-elf/lib/mno-hw-mul\libsmallc.a(lib_a-__call_atexit.o)
 .bss           0x000000000002f6b0        0x0 ../memory_manipulator_bsp/\libhal_bsp.a(alt_exit.o)
 *(COMMON)
 COMMON         0x000000000002f6b0      0x100 ../memory_manipulator_bsp/\libhal_bsp.a(alt_irq_handler.o)
                0x000000000002f6b0                alt_irq
                0x000000000002f7b0                . = ALIGN (0x4)
                0x000000000002f7b0                __bss_end = ABSOLUTE (.)

.onchip_memory  0x000000000002f7b0        0x0
                [!provide]                        PROVIDE (_alt_partition_onchip_memory_start, ABSOLUTE (.))
 *(.onchip_memory .onchip_memory. onchip_memory.*)
                0x000000000002f7b0                . = ALIGN (0x4)
                [!provide]                        PROVIDE (_alt_partition_onchip_memory_end, ABSOLUTE (.))
                0x000000000002f7b0                _end = ABSOLUTE (.)
                0x000000000002f7b0                end = ABSOLUTE (.)
                0x000000000002f7b0                __alt_stack_base = ABSOLUTE (.)
                [!provide]                        PROVIDE (_alt_partition_onchip_memory_load_addr, LOADADDR (.onchip_memory))

.stab
 *(.stab)

.stabstr
 *(.stabstr)

.stab.excl
 *(.stab.excl)

.stab.exclstr
 *(.stab.exclstr)

.stab.index
 *(.stab.index)

.stab.indexstr
 *(.stab.indexstr)

.comment        0x0000000000000000       0x23
 *(.comment)
 .comment       0x0000000000000000       0x23 obj/default/SD/sd_if.o
                                         0x24 (size before relaxing)
 .comment       0x0000000000000023       0x24 obj/default/SD/terasic_fat/FatFileSystem.o
 .comment       0x0000000000000023       0x24 obj/default/SD/terasic_fat/FatInternal.o
 .comment       0x0000000000000023       0x24 obj/default/SD/terasic_sdcard/crc16.o
 .comment       0x0000000000000023       0x24 obj/default/SD/terasic_sdcard/crc7.o
 .comment       0x0000000000000023       0x24 obj/default/SD/terasic_sdcard/sd_hal.o
 .comment       0x0000000000000023       0x24 obj/default/SD/terasic_sdcard/sd_lib.o
 .comment       0x0000000000000023       0x24 obj/default/SD/terasic_sdcard/sd_protocol.o
 .comment       0x0000000000000023       0x24 obj/default/SD/test_sd.o
 .comment       0x0000000000000023       0x24 obj/default/file_format_reader/file_format_aux.o
 .comment       0x0000000000000023       0x24 obj/default/file_format_reader/formats.o
 .comment       0x0000000000000023       0x24 obj/default/main.o
 .comment       0x0000000000000023       0x24 obj/default/spectrum_comm/DMA/dma_hal.o
 .comment       0x0000000000000023       0x24 obj/default/spectrum_comm/Peripheral_Interfaces/per_hal.o
 .comment       0x0000000000000023       0x24 obj/default/terasic_lib/debug.o
 .comment       0x0000000000000023       0x24 c:/intelfpga_lite/18.1/nios2eds/bin/gnu/h-x86_64-mingw32/bin/../lib/gcc/nios2-elf/5.3.0/mno-hw-mul\libgcc.a(lib2-divmod.o)
 .comment       0x0000000000000023       0x24 c:/intelfpga_lite/18.1/nios2eds/bin/gnu/h-x86_64-mingw32/bin/../lib/gcc/nios2-elf/5.3.0/mno-hw-mul\libgcc.a(lib2-mul.o)
 .comment       0x0000000000000023       0x24 c:/intelfpga_lite/18.1/nios2eds/bin/gnu/h-x86_64-mingw32/bin/../lib/gcc/nios2-elf/5.3.0/mno-hw-mul\libgcc.a(divsf3.o)
 .comment       0x0000000000000023       0x24 c:/intelfpga_lite/18.1/nios2eds/bin/gnu/h-x86_64-mingw32/bin/../lib/gcc/nios2-elf/5.3.0/mno-hw-mul\libgcc.a(mulsf3.o)
 .comment       0x0000000000000023       0x24 c:/intelfpga_lite/18.1/nios2eds/bin/gnu/h-x86_64-mingw32/bin/../lib/gcc/nios2-elf/5.3.0/mno-hw-mul\libgcc.a(floatunsisf.o)
 .comment       0x0000000000000023       0x24 c:/intelfpga_lite/18.1/nios2eds/bin/gnu/h-x86_64-mingw32/bin/../lib/gcc/nios2-elf/5.3.0/mno-hw-mul\libgcc.a(divdf3.o)
 .comment       0x0000000000000023       0x24 c:/intelfpga_lite/18.1/nios2eds/bin/gnu/h-x86_64-mingw32/bin/../lib/gcc/nios2-elf/5.3.0/mno-hw-mul\libgcc.a(extendsfdf2.o)
 .comment       0x0000000000000023       0x24 c:/intelfpga_lite/18.1/nios2eds/bin/gnu/h-x86_64-mingw32/bin/../lib/gcc/nios2-elf/5.3.0/mno-hw-mul\libgcc.a(truncdfsf2.o)
 .comment       0x0000000000000023       0x24 c:/intelfpga_lite/18.1/nios2eds/bin/gnu/h-x86_64-mingw32/bin/../lib/gcc/nios2-elf/5.3.0/mno-hw-mul\libgcc.a(_clzsi2.o)
 .comment       0x0000000000000023       0x24 c:/intelfpga_lite/18.1/nios2eds/bin/gnu/h-x86_64-mingw32/bin/../lib/gcc/nios2-elf/5.3.0/mno-hw-mul\libgcc.a(_clz.o)
 .comment       0x0000000000000023       0x24 c:/intelfpga_lite/18.1/nios2eds/bin/gnu/h-x86_64-mingw32/bin/../lib/gcc/nios2-elf/5.3.0/../../../../../H-x86_64-mingw32/nios2-elf/lib/mno-hw-mul\libsmallc.a(lib_a-malloc.o)
 .comment       0x0000000000000023       0x24 c:/intelfpga_lite/18.1/nios2eds/bin/gnu/h-x86_64-mingw32/bin/../lib/gcc/nios2-elf/5.3.0/../../../../../H-x86_64-mingw32/nios2-elf/lib/mno-hw-mul\libsmallc.a(lib_a-memcpy.o)
 .comment       0x0000000000000023       0x24 c:/intelfpga_lite/18.1/nios2eds/bin/gnu/h-x86_64-mingw32/bin/../lib/gcc/nios2-elf/5.3.0/../../../../../H-x86_64-mingw32/nios2-elf/lib/mno-hw-mul\libsmallc.a(lib_a-memset.o)
 .comment       0x0000000000000023       0x24 c:/intelfpga_lite/18.1/nios2eds/bin/gnu/h-x86_64-mingw32/bin/../lib/gcc/nios2-elf/5.3.0/../../../../../H-x86_64-mingw32/nios2-elf/lib/mno-hw-mul\libsmallc.a(lib_a-nano-freer.o)
 .comment       0x0000000000000023       0x24 c:/intelfpga_lite/18.1/nios2eds/bin/gnu/h-x86_64-mingw32/bin/../lib/gcc/nios2-elf/5.3.0/../../../../../H-x86_64-mingw32/nios2-elf/lib/mno-hw-mul\libsmallc.a(lib_a-nano-mallocr.o)
 .comment       0x0000000000000023       0x24 c:/intelfpga_lite/18.1/nios2eds/bin/gnu/h-x86_64-mingw32/bin/../lib/gcc/nios2-elf/5.3.0/../../../../../H-x86_64-mingw32/nios2-elf/lib/mno-hw-mul\libsmallc.a(lib_a-printf.o)
 .comment       0x0000000000000023       0x24 c:/intelfpga_lite/18.1/nios2eds/bin/gnu/h-x86_64-mingw32/bin/../lib/gcc/nios2-elf/5.3.0/../../../../../H-x86_64-mingw32/nios2-elf/lib/mno-hw-mul\libsmallc.a(lib_a-putchar.o)
 .comment       0x0000000000000023       0x24 c:/intelfpga_lite/18.1/nios2eds/bin/gnu/h-x86_64-mingw32/bin/../lib/gcc/nios2-elf/5.3.0/../../../../../H-x86_64-mingw32/nios2-elf/lib/mno-hw-mul\libsmallc.a(lib_a-puts.o)
 .comment       0x0000000000000023       0x24 c:/intelfpga_lite/18.1/nios2eds/bin/gnu/h-x86_64-mingw32/bin/../lib/gcc/nios2-elf/5.3.0/../../../../../H-x86_64-mingw32/nios2-elf/lib/mno-hw-mul\libsmallc.a(lib_a-realloc.o)
 .comment       0x0000000000000023       0x24 c:/intelfpga_lite/18.1/nios2eds/bin/gnu/h-x86_64-mingw32/bin/../lib/gcc/nios2-elf/5.3.0/../../../../../H-x86_64-mingw32/nios2-elf/lib/mno-hw-mul\libsmallc.a(lib_a-sbrkr.o)
 .comment       0x0000000000000023       0x24 c:/intelfpga_lite/18.1/nios2eds/bin/gnu/h-x86_64-mingw32/bin/../lib/gcc/nios2-elf/5.3.0/../../../../../H-x86_64-mingw32/nios2-elf/lib/mno-hw-mul\libsmallc.a(lib_a-snprintf.o)
 .comment       0x0000000000000023       0x24 c:/intelfpga_lite/18.1/nios2eds/bin/gnu/h-x86_64-mingw32/bin/../lib/gcc/nios2-elf/5.3.0/../../../../../H-x86_64-mingw32/nios2-elf/lib/mno-hw-mul\libsmallc.a(lib_a-sprintf.o)
 .comment       0x0000000000000023       0x24 c:/intelfpga_lite/18.1/nios2eds/bin/gnu/h-x86_64-mingw32/bin/../lib/gcc/nios2-elf/5.3.0/../../../../../H-x86_64-mingw32/nios2-elf/lib/mno-hw-mul\libsmallc.a(lib_a-strcasecmp.o)
 .comment       0x0000000000000023       0x24 c:/intelfpga_lite/18.1/nios2eds/bin/gnu/h-x86_64-mingw32/bin/../lib/gcc/nios2-elf/5.3.0/../../../../../H-x86_64-mingw32/nios2-elf/lib/mno-hw-mul\libsmallc.a(lib_a-strlen.o)
 .comment       0x0000000000000023       0x24 c:/intelfpga_lite/18.1/nios2eds/bin/gnu/h-x86_64-mingw32/bin/../lib/gcc/nios2-elf/5.3.0/../../../../../H-x86_64-mingw32/nios2-elf/lib/mno-hw-mul\libsmallc.a(lib_a-strncmp.o)
 .comment       0x0000000000000023       0x24 c:/intelfpga_lite/18.1/nios2eds/bin/gnu/h-x86_64-mingw32/bin/../lib/gcc/nios2-elf/5.3.0/../../../../../H-x86_64-mingw32/nios2-elf/lib/mno-hw-mul\libsmallc.a(lib_a-strncpy.o)
 .comment       0x0000000000000023       0x24 c:/intelfpga_lite/18.1/nios2eds/bin/gnu/h-x86_64-mingw32/bin/../lib/gcc/nios2-elf/5.3.0/../../../../../H-x86_64-mingw32/nios2-elf/lib/mno-hw-mul\libsmallc.a(lib_a-svfprintf.o)
 .comment       0x0000000000000023       0x24 c:/intelfpga_lite/18.1/nios2eds/bin/gnu/h-x86_64-mingw32/bin/../lib/gcc/nios2-elf/5.3.0/../../../../../H-x86_64-mingw32/nios2-elf/lib/mno-hw-mul\libsmallc.a(lib_a-tolower.o)
 .comment       0x0000000000000023       0x24 c:/intelfpga_lite/18.1/nios2eds/bin/gnu/h-x86_64-mingw32/bin/../lib/gcc/nios2-elf/5.3.0/../../../../../H-x86_64-mingw32/nios2-elf/lib/mno-hw-mul\libsmallc.a(lib_a-vfprintf.o)
 .comment       0x0000000000000023       0x24 c:/intelfpga_lite/18.1/nios2eds/bin/gnu/h-x86_64-mingw32/bin/../lib/gcc/nios2-elf/5.3.0/../../../../../H-x86_64-mingw32/nios2-elf/lib/mno-hw-mul\libsmallc.a(lib_a-vsnprintf.o)
 .comment       0x0000000000000023       0x24 c:/intelfpga_lite/18.1/nios2eds/bin/gnu/h-x86_64-mingw32/bin/../lib/gcc/nios2-elf/5.3.0/../../../../../H-x86_64-mingw32/nios2-elf/lib/mno-hw-mul\libsmallc.a(lib_a-ctype_.o)
 .comment       0x0000000000000023       0x24 c:/intelfpga_lite/18.1/nios2eds/bin/gnu/h-x86_64-mingw32/bin/../lib/gcc/nios2-elf/5.3.0/../../../../../H-x86_64-mingw32/nios2-elf/lib/mno-hw-mul\libsmallc.a(lib_a-fvwrite_small_dev.o)
 .comment       0x0000000000000023       0x24 c:/intelfpga_lite/18.1/nios2eds/bin/gnu/h-x86_64-mingw32/bin/../lib/gcc/nios2-elf/5.3.0/../../../../../H-x86_64-mingw32/nios2-elf/lib/mno-hw-mul\libsmallc.a(lib_a-fvwrite_small_str.o)
 .comment       0x0000000000000023       0x24 c:/intelfpga_lite/18.1/nios2eds/bin/gnu/h-x86_64-mingw32/bin/../lib/gcc/nios2-elf/5.3.0/../../../../../H-x86_64-mingw32/nios2-elf/lib/mno-hw-mul\libsmallc.a(lib_a-impure.o)
 .comment       0x0000000000000023       0x24 c:/intelfpga_lite/18.1/nios2eds/bin/gnu/h-x86_64-mingw32/bin/../lib/gcc/nios2-elf/5.3.0/../../../../../H-x86_64-mingw32/nios2-elf/lib/mno-hw-mul\libsmallc.a(lib_a-int_errno.o)
 .comment       0x0000000000000023       0x24 c:/intelfpga_lite/18.1/nios2eds/bin/gnu/h-x86_64-mingw32/bin/../lib/gcc/nios2-elf/5.3.0/../../../../../H-x86_64-mingw32/nios2-elf/lib/mno-hw-mul\libsmallc.a(lib_a-memmove.o)
 .comment       0x0000000000000023       0x24 c:/intelfpga_lite/18.1/nios2eds/bin/gnu/h-x86_64-mingw32/bin/../lib/gcc/nios2-elf/5.3.0/../../../../../H-x86_64-mingw32/nios2-elf/lib/mno-hw-mul\libsmallc.a(lib_a-nano-reallocr.o)
 .comment       0x0000000000000023       0x24 c:/intelfpga_lite/18.1/nios2eds/bin/gnu/h-x86_64-mingw32/bin/../lib/gcc/nios2-elf/5.3.0/../../../../../H-x86_64-mingw32/nios2-elf/lib/mno-hw-mul\libsmallc.a(lib_a-putc.o)
 .comment       0x0000000000000023       0x24 c:/intelfpga_lite/18.1/nios2eds/bin/gnu/h-x86_64-mingw32/bin/../lib/gcc/nios2-elf/5.3.0/../../../../../H-x86_64-mingw32/nios2-elf/lib/mno-hw-mul\libsmallc.a(lib_a-writer.o)
 .comment       0x0000000000000023       0x24 c:/intelfpga_lite/18.1/nios2eds/bin/gnu/h-x86_64-mingw32/bin/../lib/gcc/nios2-elf/5.3.0/../../../../../H-x86_64-mingw32/nios2-elf/lib/mno-hw-mul\libsmallc.a(lib_a-nano-msizer.o)
 .comment       0x0000000000000023       0x24 ../memory_manipulator_bsp/\libhal_bsp.a(alt_load.o)
 .comment       0x0000000000000023       0x24 ../memory_manipulator_bsp/\libhal_bsp.a(alt_main.o)
 .comment       0x0000000000000023       0x24 ../memory_manipulator_bsp/\libhal_bsp.a(alt_sbrk.o)
 .comment       0x0000000000000023       0x24 ../memory_manipulator_bsp/\libhal_bsp.a(alt_tick.o)
 .comment       0x0000000000000023       0x24 ../memory_manipulator_bsp/\libhal_bsp.a(alt_usleep.o)
 .comment       0x0000000000000023       0x24 ../memory_manipulator_bsp/\libhal_bsp.a(alt_write.o)
 .comment       0x0000000000000023       0x24 ../memory_manipulator_bsp/\libhal_bsp.a(alt_sys_init.o)
 .comment       0x0000000000000023       0x24 ../memory_manipulator_bsp/\libhal_bsp.a(altera_avalon_jtag_uart_fd.o)
 .comment       0x0000000000000023       0x24 ../memory_manipulator_bsp/\libhal_bsp.a(altera_avalon_jtag_uart_read.o)
 .comment       0x0000000000000023       0x24 ../memory_manipulator_bsp/\libhal_bsp.a(altera_avalon_jtag_uart_write.o)
 .comment       0x0000000000000023       0x24 ../memory_manipulator_bsp/\libhal_bsp.a(altera_avalon_timer_sc.o)
 .comment       0x0000000000000023       0x24 ../memory_manipulator_bsp/\libhal_bsp.a(alt_busy_sleep.o)
 .comment       0x0000000000000023       0x24 ../memory_manipulator_bsp/\libhal_bsp.a(alt_close.o)
 .comment       0x0000000000000023       0x24 ../memory_manipulator_bsp/\libhal_bsp.a(alt_dcache_flush_all.o)
 .comment       0x0000000000000023       0x24 ../memory_manipulator_bsp/\libhal_bsp.a(alt_dev.o)
 .comment       0x0000000000000023       0x24 ../memory_manipulator_bsp/\libhal_bsp.a(alt_dev_llist_insert.o)
 .comment       0x0000000000000023       0x24 ../memory_manipulator_bsp/\libhal_bsp.a(alt_errno.o)