                                      1 ;--------------------------------------------------------
                                      2 ; File Created by SDCC : free open source ANSI-C Compiler
                                      3 ; Version 4.2.0 #13081 (MINGW64)
                                      4 ;--------------------------------------------------------
                                      5 	.module test_video
                                      6 	.optsdcc -mz80
                                      7 	
                                      8 ;--------------------------------------------------------
                                      9 ; Public variables in this module
                                     10 ;--------------------------------------------------------
                                     11 	.globl _main
                                     12 ;--------------------------------------------------------
                                     13 ; special function registers
                                     14 ;--------------------------------------------------------
                                     15 ;--------------------------------------------------------
                                     16 ; ram data
                                     17 ;--------------------------------------------------------
                                     18 	.area _DATA
                                     19 ;--------------------------------------------------------
                                     20 ; ram data
                                     21 ;--------------------------------------------------------
                                     22 	.area _INITIALIZED
                                     23 ;--------------------------------------------------------
                                     24 ; absolute external ram data
                                     25 ;--------------------------------------------------------
                                     26 	.area _DABS (ABS)
                                     27 ;--------------------------------------------------------
                                     28 ; global & static initialisations
                                     29 ;--------------------------------------------------------
                                     30 	.area _HOME
                                     31 	.area _GSINIT
                                     32 	.area _GSFINAL
                                     33 	.area _GSINIT
                                     34 ;--------------------------------------------------------
                                     35 ; Home
                                     36 ;--------------------------------------------------------
                                     37 	.area _HOME
                                     38 	.area _HOME
                                     39 ;--------------------------------------------------------
                                     40 ; code
                                     41 ;--------------------------------------------------------
                                     42 	.area _CODE
                                     43 ;test-video.c:3: int main() {
                                     44 ;	---------------------------------
                                     45 ; Function main
                                     46 ; ---------------------------------
      000000                         47 _main::
                                     48 ;test-video.c:8: *p = 0b00111101;
      000000 21 00 40         [10]   49 	ld	hl, #0x4000
      000003 36 3D            [10]   50 	ld	(hl), #0x3d
                                     51 ;test-video.c:10: *p = 0b01000011;
      000005 26 41            [ 7]   52 	ld	h, #0x41
      000007 36 43            [10]   53 	ld	(hl), #0x43
                                     54 ;test-video.c:12: *p = 0b10000001;
      000009 26 42            [ 7]   55 	ld	h, #0x42
      00000B 36 81            [10]   56 	ld	(hl), #0x81
                                     57 ;test-video.c:14: *p = 0b10000000;
      00000D 26 43            [ 7]   58 	ld	h, #0x43
      00000F 36 80            [10]   59 	ld	(hl), #0x80
                                     60 ;test-video.c:16: *p = 0b10000000;
      000011 26 44            [ 7]   61 	ld	h, #0x44
      000013 36 80            [10]   62 	ld	(hl), #0x80
                                     63 ;test-video.c:18: *p = 0b10000001;
      000015 26 45            [ 7]   64 	ld	h, #0x45
      000017 36 81            [10]   65 	ld	(hl), #0x81
                                     66 ;test-video.c:20: *p = 0b01000011;
      000019 26 46            [ 7]   67 	ld	h, #0x46
      00001B 36 43            [10]   68 	ld	(hl), #0x43
                                     69 ;test-video.c:22: *p = 0b00111101;
      00001D 26 47            [ 7]   70 	ld	h, #0x47
      00001F 36 3D            [10]   71 	ld	(hl), #0x3d
                                     72 ;test-video.c:25: *p = 0b10101011;
      000021 26 58            [ 7]   73 	ld	h, #0x58
      000023 36 AB            [10]   74 	ld	(hl), #0xab
                                     75 ;test-video.c:26: return 0;
      000025 11 00 00         [10]   76 	ld	de, #0x0000
                                     77 ;test-video.c:27: }
      000028 C9               [10]   78 	ret
                                     79 	.area _CODE
                                     80 	.area _INITIALIZER
                                     81 	.area _CABS (ABS)
